2025-10-23 23:14:00
=====server进程 CPU 利用率:  %.======
=====server进程内存使用量:0 M.  ======

=====系统 CPU 利用率: 3 %.	  ======
=====系统内存使用量: 6551 M.	  ======

2025-10-23 23:16:09
=====server进程 CPU 利用率:  %.======
=====server进程内存使用量:0 M.  ======

=====系统 CPU 利用率: 7 %.	  ======
=====系统内存使用量: 6581 M.	  ======

2025-10-23 23:16:26
=====server进程 CPU 利用率:  %.======
=====server进程内存使用量:0 M.  ======

=====系统 CPU 利用率: 2 %.	  ======
=====系统内存使用量: 6609 M.	  ======

2025-10-23 23:18:20
=====server进程 CPU 利用率:  %.======
=====server进程内存使用量: M.  ======

=====系统 CPU 利用率: 4 %.	  ======
=====系统内存使用量: 6604 M.	  ======

2025-10-23 23:19:06
=====server进程 CPU 利用率:  %.======
=====server进程内存使用量: M.  ======

=====系统 CPU 利用率: 3 %.	  ======
=====系统内存使用量: 6574 M.	  ======

=====系统 CPU 利用率: 4 %.	  ======
=====系统内存使用量: 6565 M.	  ======

=====系统 CPU 利用率: 2 %.	  ======
=====系统内存使用量: 6547 M.	  ======

=====系统 CPU 利用率: 3 %.	  ======
=====系统内存使用量: 6545 M.	  ======

2025-10-23 23:24:27
=====server进程 CPU 利用率: 0.5 %.======
=====server进程内存使用量:2526.588 M.  ======

=====系统 CPU 利用率: 4 %.	  ======
=====系统内存使用量: 6559 M.	  ======

2025-10-23 23:25:03
=====server进程 CPU 利用率: 0.5 %.======
=====server进程内存使用量:2526.588 M.  ======

=====系统 CPU 利用率: 2 %.	  ======
=====系统内存使用量: 6552 M.	  ======

2025-10-23 23:37:50
=====server进程 CPU 利用率: 0.5 %.======
=====server进程内存使用量: 2526.588 M.======
=====系统 CPU 利用率: 6 %.======
=====系统内存使用量: 7759 M.======
2025-10-23 23:37:59
=====server进程 CPU 利用率: 0.5 %.======
=====server进程内存使用量: 2526.588 M.======
=====系统 CPU 利用率: 8 %.======
=====系统内存使用量: 7728 M.======
2025-10-23 23:38:08
=====server进程 CPU 利用率: 0.5 %.======
=====server进程内存使用量: 2526.588 M.======
=====系统 CPU 利用率: 5 %.======
=====系统内存使用量: 7703 M.======
2025-10-23 23:38:18
=====server进程 CPU 利用率: 0.5 %.======
=====server进程内存使用量: 2526.588 M.======
=====系统 CPU 利用率: 4 %.======
=====系统内存使用量: 7697 M.======
2025-10-23 23:38:27
=====server进程 CPU 利用率: 0.5 %.======
=====server进程内存使用量: 2526.588 M.======
=====系统 CPU 利用率: 5 %.======
=====系统内存使用量: 7675 M.======
2025-10-23 23:38:36
=====server进程 CPU 利用率: 0.5 %.======
=====server进程内存使用量: 2526.588 M.======
=====系统 CPU 利用率: 5 %.======
=====系统内存使用量: 7698 M.======
2025-10-23 23:38:45
=====server进程 CPU 利用率: 0.5 %.======
=====server进程内存使用量: 2526.588 M.======
=====系统 CPU 利用率: 5 %.======
=====系统内存使用量: 7691 M.======
2025-10-23 23:38:54
=====server进程 CPU 利用率: 0.5 %.======
=====server进程内存使用量: 2526.588 M.======
=====系统 CPU 利用率: 5 %.======
=====系统内存使用量: 7686 M.======
2025-10-23 23:39:03
=====server进程 CPU 利用率: 0.5 %.======
=====server进程内存使用量: 2526.588 M.======
=====系统 CPU 利用率: 5 %.======
=====系统内存使用量: 7712 M.======
2025-10-23 23:39:13
=====server进程 CPU 利用率: 0.5 %.======
=====server进程内存使用量: 2526.588 M.======
=====系统 CPU 利用率: 6 %.======
=====系统内存使用量: 7710 M.======
2025-10-23 23:39:22
=====server进程 CPU 利用率: 0.5 %.======
=====server进程内存使用量: 2526.588 M.======
=====系统 CPU 利用率: 11 %.======
=====系统内存使用量: 7797 M.======
2025-10-23 23:39:31
=====server进程 CPU 利用率: 0.5 %.======
=====server进程内存使用量: 2526.588 M.======
=====系统 CPU 利用率: 11 %.======
=====系统内存使用量: 7739 M.======
2025-10-23 23:39:52
=====server进程 CPU 利用率: 0.5 %.======
=====server进程内存使用量: 2526.588 M.======
=====系统 CPU 利用率: 5 %.======
=====系统内存使用量: 7759 M.======
2025-10-23 23:40:01
=====server进程 CPU 利用率: 0.5 %.======
=====server进程内存使用量: 2526.588 M.======
=====系统 CPU 利用率: 9 %.======
=====系统内存使用量: 7742 M.======
2025-10-23 23:40:10
=====server进程 CPU 利用率: 0.5 %.======
=====server进程内存使用量: 2526.588 M.======
=====系统 CPU 利用率: 8 %.======
=====系统内存使用量: 7702 M.======
2025-10-23 23:40:19
=====server进程 CPU 利用率: 0.5 %.======
=====server进程内存使用量: 2526.588 M.======
=====系统 CPU 利用率: 7 %.======
=====系统内存使用量: 7691 M.======
2025-10-23 23:40:28
=====server进程 CPU 利用率: 0.5 %.======
=====server进程内存使用量: 2526.588 M.======
=====系统 CPU 利用率: 6 %.======
=====系统内存使用量: 7703 M.======
2025-10-23 23:40:37
=====server进程 CPU 利用率: 0.5 %.======
=====server进程内存使用量: 2526.588 M.======
=====系统 CPU 利用率: 7 %.======
=====系统内存使用量: 7729 M.======
2025-10-23 23:40:47
=====server进程 CPU 利用率: 0.5 %.======
=====server进程内存使用量: 2526.588 M.======
=====系统 CPU 利用率: 15 %.======
=====系统内存使用量: 7792 M.======
2025-10-23 23:40:56
=====server进程 CPU 利用率: 0.5 %.======
=====server进程内存使用量: 2526.588 M.======
=====系统 CPU 利用率: 13 %.======
=====系统内存使用量: 7869 M.======
2025-10-23 23:41:05
=====server进程 CPU 利用率: 0.5 %.======
=====server进程内存使用量: 2526.588 M.======
=====系统 CPU 利用率: 6 %.======
=====系统内存使用量: 7921 M.======
2025-10-23 23:41:14
=====server进程 CPU 利用率: 0.5 %.======
=====server进程内存使用量: 2526.588 M.======
=====系统 CPU 利用率: 10 %.======
=====系统内存使用量: 7912 M.======
2025-10-23 23:41:23
=====server进程 CPU 利用率: 0.5 %.======
=====server进程内存使用量: 2526.588 M.======
=====系统 CPU 利用率: 7 %.======
=====系统内存使用量: 7937 M.======
2025-10-23 23:41:32
=====server进程 CPU 利用率: 0.5 %.======
=====server进程内存使用量: 2526.588 M.======
=====系统 CPU 利用率: 6 %.======
=====系统内存使用量: 7976 M.======
2025-10-23 23:41:42
=====server进程 CPU 利用率: 0.5 %.======
=====server进程内存使用量: 2526.588 M.======
=====系统 CPU 利用率: 5 %.======
=====系统内存使用量: 7951 M.======
2025-10-23 23:41:51
=====server进程 CPU 利用率: 0.5 %.======
=====server进程内存使用量: 2526.588 M.======
=====系统 CPU 利用率: 11 %.======
=====系统内存使用量: 8002 M.======
2025-10-23 23:42:00
=====server进程 CPU 利用率: 0.5 %.======
=====server进程内存使用量: 2526.588 M.======
=====系统 CPU 利用率: 9 %.======
=====系统内存使用量: 7959 M.======
2025-10-23 23:42:09
=====server进程 CPU 利用率: 0.5 %.======
=====server进程内存使用量: 2526.588 M.======
=====系统 CPU 利用率: 10 %.======
=====系统内存使用量: 7955 M.======
2025-10-23 23:42:18
=====server进程 CPU 利用率: 0.5 %.======
=====server进程内存使用量: 2526.588 M.======
=====系统 CPU 利用率: 13 %.======
=====系统内存使用量: 7930 M.======
2025-10-23 23:42:27
=====server进程 CPU 利用率: 0.5 %.======
=====server进程内存使用量: 2526.588 M.======
=====系统 CPU 利用率: 7 %.======
=====系统内存使用量: 7930 M.======
2025-10-23 23:42:37
=====server进程 CPU 利用率: 0.5 %.======
=====server进程内存使用量: 2526.588 M.======
=====系统 CPU 利用率: 5 %.======
=====系统内存使用量: 7911 M.======
2025-10-23 23:42:46
=====server进程 CPU 利用率: 0.5 %.======
=====server进程内存使用量: 2526.588 M.======
=====系统 CPU 利用率: 4 %.======
=====系统内存使用量: 7899 M.======
2025-10-23 23:42:55
=====server进程 CPU 利用率: 0.5 %.======
=====server进程内存使用量: 2526.588 M.======
=====系统 CPU 利用率: 10 %.======
=====系统内存使用量: 7854 M.======
2025-10-23 23:43:04
=====server进程 CPU 利用率: 0.5 %.======
=====server进程内存使用量: 2526.588 M.======
=====系统 CPU 利用率: 5 %.======
=====系统内存使用量: 7858 M.======
2025-10-23 23:43:13
=====server进程 CPU 利用率: 0.5 %.======
=====server进程内存使用量: 2526.844 M.======
=====系统 CPU 利用率: 6 %.======
=====系统内存使用量: 7846 M.======
2025-10-23 23:43:22
=====server进程 CPU 利用率: 0.5 %.======
=====server进程内存使用量: 2526.844 M.======
=====系统 CPU 利用率: 4 %.======
=====系统内存使用量: 7895 M.======
2025-10-23 23:43:32
=====server进程 CPU 利用率: 0.5 %.======
=====server进程内存使用量: 2526.844 M.======
=====系统 CPU 利用率: 7 %.======
=====系统内存使用量: 7978 M.======
2025-10-23 23:43:41
=====server进程 CPU 利用率: 0.5 %.======
=====server进程内存使用量: 2526.844 M.======
=====系统 CPU 利用率: 8 %.======
=====系统内存使用量: 8072 M.======
2025-10-23 23:43:50
=====server进程 CPU 利用率: 0.5 %.======
=====server进程内存使用量: 2526.844 M.======
=====系统 CPU 利用率: 12 %.======
=====系统内存使用量: 8004 M.======
2025-10-23 23:43:59
=====server进程 CPU 利用率: 0.5 %.======
=====server进程内存使用量: 2526.844 M.======
=====系统 CPU 利用率: 14 %.======
=====系统内存使用量: 8048 M.======
2025-10-23 23:44:08
=====server进程 CPU 利用率: 0.5 %.======
=====server进程内存使用量: 2526.844 M.======
=====系统 CPU 利用率: 10 %.======
=====系统内存使用量: 7987 M.======
2025-10-23 23:44:17
=====server进程 CPU 利用率: 0.5 %.======
=====server进程内存使用量: 2526.844 M.======
=====系统 CPU 利用率: 4 %.======
=====系统内存使用量: 7945 M.======
2025-10-23 23:44:27
=====server进程 CPU 利用率: 0.5 %.======
=====server进程内存使用量: 2526.844 M.======
=====系统 CPU 利用率: 11 %.======
=====系统内存使用量: 7917 M.======
2025-10-23 23:44:36
=====server进程 CPU 利用率: 0.5 %.======
=====server进程内存使用量: 2526.844 M.======
=====系统 CPU 利用率: 6 %.======
=====系统内存使用量: 7894 M.======
2025-10-23 23:44:45
=====server进程 CPU 利用率: 0.5 %.======
=====server进程内存使用量: 2526.844 M.======
=====系统 CPU 利用率: 8 %.======
=====系统内存使用量: 7909 M.======
2025-10-23 23:44:54
=====server进程 CPU 利用率: 0.5 %.======
=====server进程内存使用量: 2526.844 M.======
=====系统 CPU 利用率: 6 %.======
=====系统内存使用量: 7931 M.======
2025-10-23 23:45:03
=====server进程 CPU 利用率: 0.5 %.======
=====server进程内存使用量: 2526.844 M.======
=====系统 CPU 利用率: 8 %.======
=====系统内存使用量: 7921 M.======
2025-10-23 23:45:12
=====server进程 CPU 利用率: 0.5 %.======
=====server进程内存使用量: 2526.844 M.======
=====系统 CPU 利用率: 15 %.======
=====系统内存使用量: 7886 M.======
2025-10-23 23:45:22
=====server进程 CPU 利用率: 0.5 %.======
=====server进程内存使用量: 2526.844 M.======
=====系统 CPU 利用率: 25 %.======
=====系统内存使用量: 8166 M.======
2025-10-23 23:45:31
=====server进程 CPU 利用率: 0.5 %.======
=====server进程内存使用量: 2526.844 M.======
=====系统 CPU 利用率: 22 %.======
=====系统内存使用量: 8337 M.======
2025-10-23 23:45:40
=====server进程 CPU 利用率: 0.5 %.======
=====server进程内存使用量: 2526.844 M.======
=====系统 CPU 利用率: 10 %.======
=====系统内存使用量: 8522 M.======
2025-10-23 23:45:49
=====server进程 CPU 利用率: 0.5 %.======
=====server进程内存使用量: 2526.844 M.======
=====系统 CPU 利用率: 11 %.======
=====系统内存使用量: 8520 M.======
2025-10-23 23:45:58
=====server进程 CPU 利用率: 0.5 %.======
=====server进程内存使用量: 2526.844 M.======
=====系统 CPU 利用率: 7 %.======
=====系统内存使用量: 8457 M.======
2025-10-23 23:46:07
=====server进程 CPU 利用率: 0.5 %.======
=====server进程内存使用量: 2526.844 M.======
=====系统 CPU 利用率: 5 %.======
=====系统内存使用量: 8481 M.======
2025-10-23 23:46:17
=====server进程 CPU 利用率: 0.5 %.======
=====server进程内存使用量: 2526.844 M.======
=====系统 CPU 利用率: 8 %.======
=====系统内存使用量: 8570 M.======
2025-10-23 23:46:26
=====server进程 CPU 利用率: 0.5 %.======
=====server进程内存使用量: 2526.844 M.======
=====系统 CPU 利用率: 17 %.======
=====系统内存使用量: 8510 M.======
2025-10-23 23:46:35
=====server进程 CPU 利用率: 0.5 %.======
=====server进程内存使用量: 2526.844 M.======
=====系统 CPU 利用率: 17 %.======
=====系统内存使用量: 8318 M.======
2025-10-23 23:46:44
=====server进程 CPU 利用率: 0.5 %.======
=====server进程内存使用量: 2526.844 M.======
=====系统 CPU 利用率: 12 %.======
=====系统内存使用量: 8570 M.======
2025-10-23 23:46:53
=====server进程 CPU 利用率: 0.5 %.======
=====server进程内存使用量: 2526.844 M.======
=====系统 CPU 利用率: 12 %.======
=====系统内存使用量: 8890 M.======
2025-10-23 23:47:02
=====server进程 CPU 利用率: 0.5 %.======
=====server进程内存使用量: 2526.844 M.======
=====系统 CPU 利用率: 7 %.======
=====系统内存使用量: 8551 M.======
2025-10-23 23:47:12
=====server进程 CPU 利用率: 0.5 %.======
=====server进程内存使用量: 2526.844 M.======
=====系统 CPU 利用率: 18 %.======
=====系统内存使用量: 8931 M.======
2025-10-23 23:47:21
=====server进程 CPU 利用率: 0.5 %.======
=====server进程内存使用量: 2526.844 M.======
=====系统 CPU 利用率: 17 %.======
=====系统内存使用量: 8938 M.======
2025-10-23 23:47:30
=====server进程 CPU 利用率: 0.5 %.======
=====server进程内存使用量: 2526.844 M.======
=====系统 CPU 利用率: 9 %.======
=====系统内存使用量: 8913 M.======
2025-10-23 23:47:39
=====server进程 CPU 利用率: 0.5 %.======
=====server进程内存使用量: 2526.844 M.======
=====系统 CPU 利用率: 13 %.======
=====系统内存使用量: 9049 M.======
2025-10-23 23:47:48
=====server进程 CPU 利用率: 0.5 %.======
=====server进程内存使用量: 2526.844 M.======
=====系统 CPU 利用率: 8 %.======
=====系统内存使用量: 9039 M.======
2025-10-23 23:47:57
=====server进程 CPU 利用率: 0.5 %.======
=====server进程内存使用量: 2526.844 M.======
=====系统 CPU 利用率: 6 %.======
=====系统内存使用量: 8868 M.======
2025-10-23 23:48:07
=====server进程 CPU 利用率: 0.5 %.======
=====server进程内存使用量: 2526.844 M.======
=====系统 CPU 利用率: 5 %.======
=====系统内存使用量: 8769 M.======
2025-10-23 23:48:16
=====server进程 CPU 利用率: 0.5 %.======
=====server进程内存使用量: 2526.844 M.======
=====系统 CPU 利用率: 9 %.======
=====系统内存使用量: 8437 M.======
2025-10-23 23:48:25
=====server进程 CPU 利用率: 0.5 %.======
=====server进程内存使用量: 2526.844 M.======
=====系统 CPU 利用率: 10 %.======
=====系统内存使用量: 8407 M.======
2025-10-23 23:48:34
=====server进程 CPU 利用率: 0.5 %.======
=====server进程内存使用量: 2526.844 M.======
=====系统 CPU 利用率: 12 %.======
=====系统内存使用量: 8455 M.======
2025-10-23 23:48:43
=====server进程 CPU 利用率: 0.5 %.======
=====server进程内存使用量: 2526.844 M.======
=====系统 CPU 利用率: 6 %.======
=====系统内存使用量: 8429 M.======
2025-10-23 23:48:52
=====server进程 CPU 利用率: 0.5 %.======
=====server进程内存使用量: 2526.844 M.======
=====系统 CPU 利用率: 13 %.======
=====系统内存使用量: 8504 M.======
2025-10-23 23:49:02
=====server进程 CPU 利用率: 0.5 %.======
=====server进程内存使用量: 2526.844 M.======
=====系统 CPU 利用率: 8 %.======
=====系统内存使用量: 8401 M.======
2025-10-23 23:49:11
=====server进程 CPU 利用率: 0.5 %.======
=====server进程内存使用量: 2526.844 M.======
=====系统 CPU 利用率: 12 %.======
=====系统内存使用量: 8496 M.======
2025-10-23 23:49:20
=====server进程 CPU 利用率: 0.5 %.======
=====server进程内存使用量: 2526.844 M.======
=====系统 CPU 利用率: 7 %.======
=====系统内存使用量: 8181 M.======
2025-10-23 23:49:29
=====server进程 CPU 利用率: 0.5 %.======
=====server进程内存使用量: 2526.844 M.======
=====系统 CPU 利用率: 11 %.======
=====系统内存使用量: 8457 M.======
2025-10-23 23:49:38
=====server进程 CPU 利用率: 0.5 %.======
=====server进程内存使用量: 2526.844 M.======
=====系统 CPU 利用率: 7 %.======
=====系统内存使用量: 8429 M.======
2025-10-23 23:49:47
=====server进程 CPU 利用率: 0.5 %.======
=====server进程内存使用量: 2526.844 M.======
=====系统 CPU 利用率: 16 %.======
=====系统内存使用量: 8769 M.======
2025-10-23 23:49:57
=====server进程 CPU 利用率: 0.5 %.======
=====server进程内存使用量: 2526.844 M.======
=====系统 CPU 利用率: 11 %.======
=====系统内存使用量: 8583 M.======
2025-10-23 23:50:06
=====server进程 CPU 利用率: 0.5 %.======
=====server进程内存使用量: 2526.844 M.======
=====系统 CPU 利用率: 17 %.======
=====系统内存使用量: 8582 M.======
2025-10-23 23:50:15
=====server进程 CPU 利用率: 0.5 %.======
=====server进程内存使用量: 2526.844 M.======
=====系统 CPU 利用率: 9 %.======
=====系统内存使用量: 8249 M.======
2025-10-23 23:50:24
=====server进程 CPU 利用率: 0.5 %.======
=====server进程内存使用量: 2526.844 M.======
=====系统 CPU 利用率: 10 %.======
=====系统内存使用量: 6675 M.======
2025-10-23 23:50:33
=====server进程 CPU 利用率: 0.5 %.======
=====server进程内存使用量: 2526.844 M.======
=====系统 CPU 利用率: 4 %.======
=====系统内存使用量: 5992 M.======
2025-10-23 23:50:42
=====server进程 CPU 利用率: 0.5 %.======
=====server进程内存使用量: 2526.844 M.======
=====系统 CPU 利用率: 10 %.======
=====系统内存使用量: 6146 M.======
2025-10-23 23:50:52
=====server进程 CPU 利用率: 0.5 %.======
=====server进程内存使用量: 2526.844 M.======
=====系统 CPU 利用率: 6 %.======
=====系统内存使用量: 6182 M.======
2025-10-23 23:51:01
=====server进程 CPU 利用率: 0.5 %.======
=====server进程内存使用量: 2526.844 M.======
=====系统 CPU 利用率: 11 %.======
=====系统内存使用量: 6178 M.======
2025-10-23 23:51:10
=====server进程 CPU 利用率: 0.5 %.======
=====server进程内存使用量: 2526.844 M.======
=====系统 CPU 利用率: 14 %.======
=====系统内存使用量: 6273 M.======
2025-10-23 23:51:19
=====server进程 CPU 利用率: 0.5 %.======
=====server进程内存使用量: 2526.844 M.======
=====系统 CPU 利用率: 6 %.======
=====系统内存使用量: 6264 M.======
