[2025-10-23 23:18:57] [INFO] [PID:95899] === 日志系统初始化成功 ===
[2025-10-23 23:18:57] [INFO] [PID:95899] 进程类型: client
[2025-10-23 23:18:57] [INFO] [PID:95899] 用户名: t1
[2025-10-23 23:18:57] [INFO] [PID:95899] 日志文件: logs/2025-10-23_client_t1.log
[2025-10-23 23:18:57] [INFO] [PID:95899] 用户 t1 进入聊天室
[2025-10-23 23:18:57] [DEBUG] [PID:95899] 启动客户端主循环
[2025-10-23 23:18:57] [DEBUG] [PID:95899] 消息接收线程创建成功
[2025-10-23 23:18:57] [DEBUG] [PID:95899] 消息接收线程启动
[2025-10-23 23:23:13] [DEBUG] [PID:95899] 收到聊天消息，发送者: t，内容: t退出了聊天室
[2025-10-23 23:23:14] [INFO] [PID:95899] 收到Ctrl+C信号，开始退出
[2025-10-23 23:23:14] [INFO] [PID:95899] 用户 t1 通过Ctrl+C退出聊天室
[2025-10-23 23:23:14] [INFO] [PID:95899] 客户端退出完成
[2025-10-23 23:23:14] [INFO] [PID:95899] 客户端主循环结束
[2025-10-23 23:23:14] [INFO] [PID:95899] === 日志系统关闭 ===
[2025-10-23 23:25:01] [INFO] [PID:99717] === 日志系统初始化成功 ===
[2025-10-23 23:25:01] [INFO] [PID:99717] 进程类型: client
[2025-10-23 23:25:01] [INFO] [PID:99717] 用户名: t1
[2025-10-23 23:25:01] [INFO] [PID:99717] 日志文件: logs/2025-10-23_client_t1.log
[2025-10-23 23:25:01] [INFO] [PID:99717] 用户 t1 进入聊天室
[2025-10-23 23:25:01] [DEBUG] [PID:99717] 启动客户端主循环
[2025-10-23 23:25:01] [DEBUG] [PID:99717] 消息接收线程创建成功
[2025-10-23 23:25:01] [DEBUG] [PID:99717] 消息接收线程启动
[2025-10-23 23:39:13] [DEBUG] [PID:99717] 收到聊天消息，发送者: t，内容: HELLO
[2025-10-23 23:39:18] [DEBUG] [PID:99717] 收到聊天消息，发送者: t，内容: 
[2025-10-23 23:39:21] [DEBUG] [PID:99717] 收到聊天消息，发送者: t，内容: 
[2025-10-23 23:39:23] [DEBUG] [PID:99717] 收到聊天消息，发送者: t，内容: HELLO
[2025-10-23 23:39:23] [DEBUG] [PID:99717] 收到聊天消息，发送者: t，内容: HELLO
[2025-10-23 23:39:24] [DEBUG] [PID:99717] 收到聊天消息，发送者: t，内容: HELLO
[2025-10-23 23:39:24] [DEBUG] [PID:99717] 收到聊天消息，发送者: t，内容: HELLO
[2025-10-23 23:39:25] [DEBUG] [PID:99717] 收到聊天消息，发送者: t，内容: HELLO
[2025-10-23 23:39:26] [DEBUG] [PID:99717] 收到聊天消息，发送者: t，内容: HELLO
[2025-10-23 23:39:27] [DEBUG] [PID:99717] 收到聊天消息，发送者: t，内容: HELLO
[2025-10-23 23:39:28] [DEBUG] [PID:99717] 收到聊天消息，发送者: t，内容: HELLO
[2025-10-23 23:39:28] [DEBUG] [PID:99717] 收到聊天消息，发送者: t，内容: HELLO
[2025-10-23 23:39:29] [DEBUG] [PID:99717] 收到聊天消息，发送者: t，内容: HELLO
[2025-10-23 23:39:29] [DEBUG] [PID:99717] 收到聊天消息，发送者: t，内容: HELLO
[2025-10-23 23:39:30] [DEBUG] [PID:99717] 收到聊天消息，发送者: t，内容: HELLO
[2025-10-23 23:39:30] [DEBUG] [PID:99717] 收到聊天消息，发送者: t，内容: HELLO
[2025-10-23 23:39:31] [DEBUG] [PID:99717] 收到聊天消息，发送者: t，内容: HELLO
[2025-10-23 23:39:31] [DEBUG] [PID:99717] 收到聊天消息，发送者: t，内容: HELLO
[2025-10-23 23:39:32] [DEBUG] [PID:99717] 收到聊天消息，发送者: t，内容: HELLO
[2025-10-23 23:39:33] [DEBUG] [PID:99717] 收到聊天消息，发送者: t，内容: HELLO
[2025-10-23 23:39:33] [DEBUG] [PID:99717] 收到聊天消息，发送者: t，内容: HELLO
[2025-10-23 23:39:34] [DEBUG] [PID:99717] 收到聊天消息，发送者: t，内容: HELLO
[2025-10-23 23:39:34] [DEBUG] [PID:99717] 收到聊天消息，发送者: t，内容: HELLO
[2025-10-23 23:39:55] [DEBUG] [PID:99717] 收到聊天消息，发送者: t，内容: [A
[2025-10-23 23:39:55] [DEBUG] [PID:99717] 收到聊天消息，发送者: t，内容: [A
[2025-10-23 23:39:56] [DEBUG] [PID:99717] 收到聊天消息，发送者: t，内容: [A
[2025-10-23 23:39:56] [DEBUG] [PID:99717] 收到聊天消息，发送者: t，内容: [A
[2025-10-23 23:39:56] [DEBUG] [PID:99717] 收到聊天消息，发送者: t，内容: [A
[2025-10-23 23:39:56] [DEBUG] [PID:99717] 收到聊天消息，发送者: t，内容: [A
[2025-10-23 23:39:56] [DEBUG] [PID:99717] 收到聊天消息，发送者: t，内容: [A
[2025-10-23 23:39:56] [DEBUG] [PID:99717] 收到聊天消息，发送者: t，内容: [A
[2025-10-23 23:39:57] [DEBUG] [PID:99717] 收到聊天消息，发送者: t，内容: [A
[2025-10-23 23:39:57] [DEBUG] [PID:99717] 收到聊天消息，发送者: t，内容: [A
[2025-10-23 23:39:57] [DEBUG] [PID:99717] 收到聊天消息，发送者: t，内容: [A
[2025-10-23 23:39:57] [DEBUG] [PID:99717] 收到聊天消息，发送者: t，内容: [A
[2025-10-23 23:39:57] [DEBUG] [PID:99717] 收到聊天消息，发送者: t，内容: [A
[2025-10-23 23:39:57] [DEBUG] [PID:99717] 收到聊天消息，发送者: t，内容: [A
[2025-10-23 23:39:57] [DEBUG] [PID:99717] 收到聊天消息，发送者: t，内容: [A
[2025-10-23 23:39:58] [DEBUG] [PID:99717] 收到聊天消息，发送者: t，内容: [A
[2025-10-23 23:39:58] [DEBUG] [PID:99717] 收到聊天消息，发送者: t，内容: [A
[2025-10-23 23:39:58] [DEBUG] [PID:99717] 收到聊天消息，发送者: t，内容: [A
[2025-10-23 23:39:58] [DEBUG] [PID:99717] 收到聊天消息，发送者: t，内容: [A
[2025-10-23 23:39:58] [DEBUG] [PID:99717] 收到聊天消息，发送者: t，内容: [A
[2025-10-23 23:39:58] [DEBUG] [PID:99717] 收到聊天消息，发送者: t，内容: [A
[2025-10-23 23:39:59] [DEBUG] [PID:99717] 收到聊天消息，发送者: t，内容: [A
[2025-10-23 23:39:59] [DEBUG] [PID:99717] 收到聊天消息，发送者: t，内容: [A
[2025-10-23 23:39:59] [DEBUG] [PID:99717] 收到聊天消息，发送者: t，内容: [A
[2025-10-23 23:39:59] [DEBUG] [PID:99717] 收到聊天消息，发送者: t，内容: [A[A
[2025-10-23 23:39:59] [DEBUG] [PID:99717] 收到聊天消息，发送者: t，内容: [A
[2025-10-23 23:39:59] [DEBUG] [PID:99717] 收到聊天消息，发送者: t，内容: [A
[2025-10-23 23:40:00] [DEBUG] [PID:99717] 收到聊天消息，发送者: t，内容: [A
[2025-10-23 23:40:00] [DEBUG] [PID:99717] 收到聊天消息，发送者: t，内容: [A
[2025-10-23 23:40:00] [DEBUG] [PID:99717] 收到聊天消息，发送者: t，内容: [A
[2025-10-23 23:40:00] [DEBUG] [PID:99717] 收到聊天消息，发送者: t，内容: [A
[2025-10-23 23:40:00] [DEBUG] [PID:99717] 收到聊天消息，发送者: t，内容: [A
[2025-10-23 23:40:00] [DEBUG] [PID:99717] 收到聊天消息，发送者: t，内容: [A
[2025-10-23 23:40:01] [DEBUG] [PID:99717] 收到聊天消息，发送者: t，内容: [A
[2025-10-23 23:40:01] [DEBUG] [PID:99717] 收到聊天消息，发送者: t，内容: [A
[2025-10-23 23:40:01] [DEBUG] [PID:99717] 收到聊天消息，发送者: t，内容: [A
[2025-10-23 23:40:01] [DEBUG] [PID:99717] 收到聊天消息，发送者: t，内容: [A
[2025-10-23 23:40:01] [DEBUG] [PID:99717] 收到聊天消息，发送者: t，内容: [A
[2025-10-23 23:40:01] [DEBUG] [PID:99717] 收到聊天消息，发送者: t，内容: [A
[2025-10-23 23:40:01] [DEBUG] [PID:99717] 收到聊天消息，发送者: t，内容: [A
[2025-10-23 23:40:02] [DEBUG] [PID:99717] 收到聊天消息，发送者: t，内容: [A
[2025-10-23 23:40:02] [DEBUG] [PID:99717] 收到聊天消息，发送者: t，内容: [A
[2025-10-23 23:40:02] [DEBUG] [PID:99717] 收到聊天消息，发送者: t，内容: [A
[2025-10-23 23:40:02] [DEBUG] [PID:99717] 收到聊天消息，发送者: t，内容: [A
[2025-10-23 23:40:02] [DEBUG] [PID:99717] 收到聊天消息，发送者: t，内容: [A
[2025-10-23 23:40:02] [DEBUG] [PID:99717] 收到聊天消息，发送者: t，内容: [A
[2025-10-23 23:40:03] [DEBUG] [PID:99717] 收到聊天消息，发送者: t，内容: [A
[2025-10-23 23:40:03] [DEBUG] [PID:99717] 收到聊天消息，发送者: t，内容: [A
[2025-10-23 23:40:03] [DEBUG] [PID:99717] 收到聊天消息，发送者: t，内容: [A
[2025-10-23 23:40:03] [DEBUG] [PID:99717] 收到聊天消息，发送者: t，内容: [A
[2025-10-23 23:40:03] [DEBUG] [PID:99717] 收到聊天消息，发送者: t，内容: [A
[2025-10-23 23:40:04] [DEBUG] [PID:99717] 收到聊天消息，发送者: t，内容: [A
[2025-10-23 23:40:04] [DEBUG] [PID:99717] 收到聊天消息，发送者: t，内容: [A
[2025-10-23 23:40:04] [DEBUG] [PID:99717] 收到聊天消息，发送者: t，内容: [A
[2025-10-23 23:40:04] [DEBUG] [PID:99717] 收到聊天消息，发送者: t，内容: [A
[2025-10-23 23:40:05] [DEBUG] [PID:99717] 收到聊天消息，发送者: t，内容: [A
[2025-10-23 23:40:05] [DEBUG] [PID:99717] 收到聊天消息，发送者: t，内容: [A
[2025-10-23 23:40:05] [DEBUG] [PID:99717] 收到聊天消息，发送者: t，内容: [A
[2025-10-23 23:40:05] [DEBUG] [PID:99717] 收到聊天消息，发送者: t，内容: [A
[2025-10-23 23:40:05] [DEBUG] [PID:99717] 收到聊天消息，发送者: t，内容: [A
[2025-10-23 23:40:06] [DEBUG] [PID:99717] 收到聊天消息，发送者: t，内容: [A
[2025-10-23 23:40:06] [DEBUG] [PID:99717] 收到聊天消息，发送者: t，内容: [A
[2025-10-23 23:40:06] [DEBUG] [PID:99717] 收到聊天消息，发送者: t，内容: [A
[2025-10-23 23:40:06] [DEBUG] [PID:99717] 收到聊天消息，发送者: t，内容: [A
[2025-10-23 23:40:06] [DEBUG] [PID:99717] 收到聊天消息，发送者: t，内容: [A
[2025-10-23 23:40:07] [DEBUG] [PID:99717] 收到聊天消息，发送者: t，内容: [A
[2025-10-23 23:40:07] [DEBUG] [PID:99717] 收到聊天消息，发送者: t，内容: [A
[2025-10-23 23:40:07] [DEBUG] [PID:99717] 收到聊天消息，发送者: t，内容: [A
[2025-10-23 23:40:07] [DEBUG] [PID:99717] 收到聊天消息，发送者: t，内容: [A
[2025-10-23 23:40:07] [DEBUG] [PID:99717] 收到聊天消息，发送者: t，内容: [A
[2025-10-23 23:40:07] [DEBUG] [PID:99717] 收到聊天消息，发送者: t，内容: [A
[2025-10-23 23:40:07] [DEBUG] [PID:99717] 收到聊天消息，发送者: t，内容: [A
[2025-10-23 23:40:08] [DEBUG] [PID:99717] 收到聊天消息，发送者: t，内容: [A
[2025-10-23 23:40:08] [DEBUG] [PID:99717] 收到聊天消息，发送者: t，内容: [A
[2025-10-23 23:40:08] [DEBUG] [PID:99717] 收到聊天消息，发送者: t，内容: [A
[2025-10-23 23:40:08] [DEBUG] [PID:99717] 收到聊天消息，发送者: t，内容: [A
[2025-10-23 23:40:08] [DEBUG] [PID:99717] 收到聊天消息，发送者: t，内容: [A
[2025-10-23 23:40:08] [DEBUG] [PID:99717] 收到聊天消息，发送者: t，内容: [A
[2025-10-23 23:40:09] [DEBUG] [PID:99717] 收到聊天消息，发送者: t，内容: [A
[2025-10-23 23:40:09] [DEBUG] [PID:99717] 收到聊天消息，发送者: t，内容: [A[A[A
[2025-10-23 23:40:10] [DEBUG] [PID:99717] 收到聊天消息，发送者: t，内容: [A[A[A[A[A[A
[2025-10-23 23:40:10] [DEBUG] [PID:99717] 收到聊天消息，发送者: t，内容: [A
[2025-10-23 23:40:10] [DEBUG] [PID:99717] 收到聊天消息，发送者: t，内容: [A
[2025-10-23 23:40:10] [DEBUG] [PID:99717] 收到聊天消息，发送者: t，内容: [A
[2025-10-23 23:40:11] [DEBUG] [PID:99717] 收到聊天消息，发送者: t，内容: [A
[2025-10-23 23:40:11] [DEBUG] [PID:99717] 收到聊天消息，发送者: t，内容: [A
[2025-10-23 23:40:11] [DEBUG] [PID:99717] 收到聊天消息，发送者: t，内容: [A
[2025-10-23 23:40:11] [DEBUG] [PID:99717] 收到聊天消息，发送者: t，内容: [A
[2025-10-23 23:40:12] [DEBUG] [PID:99717] 收到聊天消息，发送者: t，内容: [A
[2025-10-23 23:40:12] [DEBUG] [PID:99717] 收到聊天消息，发送者: t，内容: [A[A
[2025-10-23 23:40:12] [DEBUG] [PID:99717] 收到聊天消息，发送者: t，内容: [A
[2025-10-23 23:40:12] [DEBUG] [PID:99717] 收到聊天消息，发送者: t，内容: [A
[2025-10-23 23:40:12] [DEBUG] [PID:99717] 收到聊天消息，发送者: t，内容: [A
[2025-10-23 23:40:12] [DEBUG] [PID:99717] 收到聊天消息，发送者: t，内容: [A
[2025-10-23 23:40:13] [DEBUG] [PID:99717] 收到聊天消息，发送者: t，内容: [A
[2025-10-23 23:40:13] [DEBUG] [PID:99717] 收到聊天消息，发送者: t，内容: [A
[2025-10-23 23:40:13] [DEBUG] [PID:99717] 收到聊天消息，发送者: t，内容: [A[A
[2025-10-23 23:40:13] [DEBUG] [PID:99717] 收到聊天消息，发送者: t，内容: [A
[2025-10-23 23:40:13] [DEBUG] [PID:99717] 收到聊天消息，发送者: t，内容: [A[A[A[A
[2025-10-23 23:40:13] [DEBUG] [PID:99717] 收到聊天消息，发送者: t，内容: [A
[2025-10-23 23:40:13] [DEBUG] [PID:99717] 收到聊天消息，发送者: t，内容: [A
[2025-10-23 23:40:14] [DEBUG] [PID:99717] 收到聊天消息，发送者: t，内容: [A
[2025-10-23 23:40:14] [DEBUG] [PID:99717] 收到聊天消息，发送者: t，内容: [A
[2025-10-23 23:40:14] [DEBUG] [PID:99717] 收到聊天消息，发送者: t，内容: [A
[2025-10-23 23:40:14] [DEBUG] [PID:99717] 收到聊天消息，发送者: t，内容: [A[A
[2025-10-23 23:40:14] [DEBUG] [PID:99717] 收到聊天消息，发送者: t，内容: [A
[2025-10-23 23:40:14] [DEBUG] [PID:99717] 收到聊天消息，发送者: t，内容: [A
[2025-10-23 23:40:14] [DEBUG] [PID:99717] 收到聊天消息，发送者: t，内容: [A
[2025-10-23 23:40:14] [DEBUG] [PID:99717] 收到聊天消息，发送者: t，内容: [A
[2025-10-23 23:40:14] [DEBUG] [PID:99717] 收到聊天消息，发送者: t，内容: [A[A[A
[2025-10-23 23:40:15] [DEBUG] [PID:99717] 收到聊天消息，发送者: t，内容: [A
[2025-10-23 23:40:15] [DEBUG] [PID:99717] 收到聊天消息，发送者: t，内容: [A
[2025-10-23 23:40:15] [DEBUG] [PID:99717] 收到聊天消息，发送者: t，内容: [A
[2025-10-23 23:40:15] [DEBUG] [PID:99717] 收到聊天消息，发送者: t，内容: [A[A
[2025-10-23 23:40:15] [DEBUG] [PID:99717] 收到聊天消息，发送者: t，内容: [A
[2025-10-23 23:40:15] [DEBUG] [PID:99717] 收到聊天消息，发送者: t，内容: [A[A[A
[2025-10-23 23:40:15] [DEBUG] [PID:99717] 收到聊天消息，发送者: t，内容: [A
[2025-10-23 23:40:15] [DEBUG] [PID:99717] 收到聊天消息，发送者: t，内容: [A
[2025-10-23 23:40:16] [DEBUG] [PID:99717] 收到聊天消息，发送者: t，内容: [A[A[A
[2025-10-23 23:40:16] [DEBUG] [PID:99717] 收到聊天消息，发送者: t，内容: [A
[2025-10-23 23:40:16] [DEBUG] [PID:99717] 收到聊天消息，发送者: t，内容: [A
[2025-10-23 23:40:16] [DEBUG] [PID:99717] 收到聊天消息，发送者: t，内容: [A[A[A[A
[2025-10-23 23:40:16] [DEBUG] [PID:99717] 收到聊天消息，发送者: t，内容: [A
[2025-10-23 23:40:16] [DEBUG] [PID:99717] 收到聊天消息，发送者: t，内容: [A
[2025-10-23 23:40:16] [DEBUG] [PID:99717] 收到聊天消息，发送者: t，内容: [A
[2025-10-23 23:40:16] [DEBUG] [PID:99717] 收到聊天消息，发送者: t，内容: [A
[2025-10-23 23:40:16] [DEBUG] [PID:99717] 收到聊天消息，发送者: t，内容: [A
[2025-10-23 23:40:17] [DEBUG] [PID:99717] 收到聊天消息，发送者: t，内容: [A
[2025-10-23 23:40:17] [DEBUG] [PID:99717] 收到聊天消息，发送者: t，内容: [A
[2025-10-23 23:40:17] [DEBUG] [PID:99717] 收到聊天消息，发送者: t，内容: [A[A
[2025-10-23 23:40:17] [DEBUG] [PID:99717] 收到聊天消息，发送者: t，内容: [A
[2025-10-23 23:40:17] [DEBUG] [PID:99717] 收到聊天消息，发送者: t，内容: [A
[2025-10-23 23:40:17] [DEBUG] [PID:99717] 收到聊天消息，发送者: t，内容: [A
[2025-10-23 23:40:17] [DEBUG] [PID:99717] 收到聊天消息，发送者: t，内容: [A
[2025-10-23 23:40:17] [DEBUG] [PID:99717] 收到聊天消息，发送者: t，内容: [A[A[A
[2025-10-23 23:40:17] [DEBUG] [PID:99717] 收到聊天消息，发送者: t，内容: [A
[2025-10-23 23:40:18] [DEBUG] [PID:99717] 收到聊天消息，发送者: t，内容: [A
[2025-10-23 23:40:18] [DEBUG] [PID:99717] 收到聊天消息，发送者: t，内容: [A
[2025-10-23 23:40:18] [DEBUG] [PID:99717] 收到聊天消息，发送者: t，内容: [A[A[A
[2025-10-23 23:40:18] [DEBUG] [PID:99717] 收到聊天消息，发送者: t，内容: [A[A[A[A
[2025-10-23 23:40:18] [DEBUG] [PID:99717] 收到聊天消息，发送者: t，内容: [A
[2025-10-23 23:40:18] [DEBUG] [PID:99717] 收到聊天消息，发送者: t，内容: [A
[2025-10-23 23:40:18] [DEBUG] [PID:99717] 收到聊天消息，发送者: t，内容: [A
[2025-10-23 23:40:19] [DEBUG] [PID:99717] 收到聊天消息，发送者: t，内容: [A
[2025-10-23 23:40:19] [DEBUG] [PID:99717] 收到聊天消息，发送者: t，内容: [A
[2025-10-23 23:40:19] [DEBUG] [PID:99717] 收到聊天消息，发送者: t，内容: [A
[2025-10-23 23:40:19] [DEBUG] [PID:99717] 收到聊天消息，发送者: t，内容: [A[A
[2025-10-23 23:40:19] [DEBUG] [PID:99717] 收到聊天消息，发送者: t，内容: [A
[2025-10-23 23:40:19] [DEBUG] [PID:99717] 收到聊天消息，发送者: t，内容: [A
[2025-10-23 23:40:19] [DEBUG] [PID:99717] 收到聊天消息，发送者: t，内容: [A
[2025-10-23 23:40:20] [DEBUG] [PID:99717] 收到聊天消息，发送者: t，内容: [A
