[2025-10-23 23:18:46] [INFO] [PID:95769] === 日志系统初始化成功 ===
[2025-10-23 23:18:46] [INFO] [PID:95769] 进程类型: client
[2025-10-23 23:18:46] [INFO] [PID:95769] 用户名: unknown
[2025-10-23 23:18:46] [INFO] [PID:95769] 日志文件: logs/2025-10-23_client_unknown.log
[2025-10-23 23:18:46] [INFO] [PID:95769] 开始初始化客户端
[2025-10-23 23:18:46] [INFO] [PID:95769] 客户端启动成功，已连接到服务器
[2025-10-23 23:18:52] [INFO] [PID:95769] === 日志系统关闭 ===
[2025-10-23 23:18:53] [INFO] [PID:95899] === 日志系统初始化成功 ===
[2025-10-23 23:18:53] [INFO] [PID:95899] 进程类型: client
[2025-10-23 23:18:53] [INFO] [PID:95899] 用户名: unknown
[2025-10-23 23:18:53] [INFO] [PID:95899] 日志文件: logs/2025-10-23_client_unknown.log
[2025-10-23 23:18:53] [INFO] [PID:95899] 开始初始化客户端
[2025-10-23 23:18:53] [INFO] [PID:95899] 客户端启动成功，已连接到服务器
[2025-10-23 23:18:57] [INFO] [PID:95899] === 日志系统关闭 ===
[2025-10-23 23:24:52] [INFO] [PID:99629] === 日志系统初始化成功 ===
[2025-10-23 23:24:52] [INFO] [PID:99629] 进程类型: client
[2025-10-23 23:24:52] [INFO] [PID:99629] 用户名: unknown
[2025-10-23 23:24:52] [INFO] [PID:99629] 日志文件: logs/2025-10-23_client_unknown.log
[2025-10-23 23:24:52] [INFO] [PID:99629] 开始初始化客户端
[2025-10-23 23:24:52] [INFO] [PID:99629] 客户端启动成功，已连接到服务器
[2025-10-23 23:24:56] [INFO] [PID:99629] === 日志系统关闭 ===
[2025-10-23 23:24:57] [INFO] [PID:99717] === 日志系统初始化成功 ===
[2025-10-23 23:24:57] [INFO] [PID:99717] 进程类型: client
[2025-10-23 23:24:57] [INFO] [PID:99717] 用户名: unknown
[2025-10-23 23:24:57] [INFO] [PID:99717] 日志文件: logs/2025-10-23_client_unknown.log
[2025-10-23 23:24:57] [INFO] [PID:99717] 开始初始化客户端
[2025-10-23 23:24:57] [INFO] [PID:99717] 客户端启动成功，已连接到服务器
[2025-10-23 23:25:01] [INFO] [PID:99717] === 日志系统关闭 ===
