[2025-10-23 23:18:52] [INFO] [PID:95769] === 日志系统初始化成功 ===
[2025-10-23 23:18:52] [INFO] [PID:95769] 进程类型: client
[2025-10-23 23:18:52] [INFO] [PID:95769] 用户名: t
[2025-10-23 23:18:52] [INFO] [PID:95769] 日志文件: logs/2025-10-23_client_t.log
[2025-10-23 23:18:52] [INFO] [PID:95769] 用户 t 进入聊天室
[2025-10-23 23:18:52] [DEBUG] [PID:95769] 启动客户端主循环
[2025-10-23 23:18:52] [DEBUG] [PID:95769] 消息接收线程创建成功
[2025-10-23 23:18:52] [DEBUG] [PID:95769] 消息接收线程启动
[2025-10-23 23:18:57] [DEBUG] [PID:95769] 收到聊天消息，发送者: t1，内容: t1进入了聊天室
[2025-10-23 23:23:13] [INFO] [PID:95769] 收到Ctrl+C信号，开始退出
[2025-10-23 23:23:13] [INFO] [PID:95769] 用户 t 通过Ctrl+C退出聊天室
[2025-10-23 23:23:13] [INFO] [PID:95769] 客户端退出完成
[2025-10-23 23:23:13] [INFO] [PID:95769] 客户端主循环结束
[2025-10-23 23:23:13] [INFO] [PID:95769] === 日志系统关闭 ===
[2025-10-23 23:24:56] [INFO] [PID:99629] === 日志系统初始化成功 ===
[2025-10-23 23:24:56] [INFO] [PID:99629] 进程类型: client
[2025-10-23 23:24:56] [INFO] [PID:99629] 用户名: t
[2025-10-23 23:24:56] [INFO] [PID:99629] 日志文件: logs/2025-10-23_client_t.log
[2025-10-23 23:24:56] [INFO] [PID:99629] 用户 t 进入聊天室
[2025-10-23 23:24:56] [DEBUG] [PID:99629] 启动客户端主循环
[2025-10-23 23:24:56] [DEBUG] [PID:99629] 消息接收线程创建成功
[2025-10-23 23:24:56] [DEBUG] [PID:99629] 消息接收线程启动
[2025-10-23 23:25:01] [DEBUG] [PID:99629] 收到聊天消息，发送者: t1，内容: t1进入了聊天室
[2025-10-23 23:39:13] [DEBUG] [PID:99629] 用户输入消息: HELLO
[2025-10-23 23:39:13] [DEBUG] [PID:99629] 发送聊天消息: HELLO
[2025-10-23 23:39:18] [DEBUG] [PID:99629] 用户输入消息: 
[2025-10-23 23:39:18] [DEBUG] [PID:99629] 发送聊天消息: 
[2025-10-23 23:39:21] [DEBUG] [PID:99629] 用户输入消息: 
[2025-10-23 23:39:21] [DEBUG] [PID:99629] 发送聊天消息: 
[2025-10-23 23:39:23] [DEBUG] [PID:99629] 用户输入消息: HELLO
[2025-10-23 23:39:23] [DEBUG] [PID:99629] 发送聊天消息: HELLO
[2025-10-23 23:39:23] [DEBUG] [PID:99629] 用户输入消息: HELLO
[2025-10-23 23:39:23] [DEBUG] [PID:99629] 发送聊天消息: HELLO
[2025-10-23 23:39:24] [DEBUG] [PID:99629] 用户输入消息: HELLO
[2025-10-23 23:39:24] [DEBUG] [PID:99629] 发送聊天消息: HELLO
[2025-10-23 23:39:24] [DEBUG] [PID:99629] 用户输入消息: HELLO
[2025-10-23 23:39:24] [DEBUG] [PID:99629] 发送聊天消息: HELLO
[2025-10-23 23:39:25] [DEBUG] [PID:99629] 用户输入消息: HELLO
[2025-10-23 23:39:25] [DEBUG] [PID:99629] 发送聊天消息: HELLO
[2025-10-23 23:39:26] [DEBUG] [PID:99629] 用户输入消息: HELLO
[2025-10-23 23:39:26] [DEBUG] [PID:99629] 发送聊天消息: HELLO
[2025-10-23 23:39:27] [DEBUG] [PID:99629] 用户输入消息: HELLO
[2025-10-23 23:39:27] [DEBUG] [PID:99629] 发送聊天消息: HELLO
[2025-10-23 23:39:28] [DEBUG] [PID:99629] 用户输入消息: HELLO
[2025-10-23 23:39:28] [DEBUG] [PID:99629] 发送聊天消息: HELLO
[2025-10-23 23:39:28] [DEBUG] [PID:99629] 用户输入消息: HELLO
[2025-10-23 23:39:28] [DEBUG] [PID:99629] 发送聊天消息: HELLO
[2025-10-23 23:39:29] [DEBUG] [PID:99629] 用户输入消息: HELLO
[2025-10-23 23:39:29] [DEBUG] [PID:99629] 发送聊天消息: HELLO
[2025-10-23 23:39:29] [DEBUG] [PID:99629] 用户输入消息: HELLO
[2025-10-23 23:39:29] [DEBUG] [PID:99629] 发送聊天消息: HELLO
[2025-10-23 23:39:30] [DEBUG] [PID:99629] 用户输入消息: HELLO
[2025-10-23 23:39:30] [DEBUG] [PID:99629] 发送聊天消息: HELLO
[2025-10-23 23:39:30] [DEBUG] [PID:99629] 用户输入消息: HELLO
[2025-10-23 23:39:30] [DEBUG] [PID:99629] 发送聊天消息: HELLO
[2025-10-23 23:39:31] [DEBUG] [PID:99629] 用户输入消息: HELLO
[2025-10-23 23:39:31] [DEBUG] [PID:99629] 发送聊天消息: HELLO
[2025-10-23 23:39:31] [DEBUG] [PID:99629] 用户输入消息: HELLO
[2025-10-23 23:39:31] [DEBUG] [PID:99629] 发送聊天消息: HELLO
[2025-10-23 23:39:32] [DEBUG] [PID:99629] 用户输入消息: HELLO
[2025-10-23 23:39:32] [DEBUG] [PID:99629] 发送聊天消息: HELLO
[2025-10-23 23:39:33] [DEBUG] [PID:99629] 用户输入消息: HELLO
[2025-10-23 23:39:33] [DEBUG] [PID:99629] 发送聊天消息: HELLO
[2025-10-23 23:39:33] [DEBUG] [PID:99629] 用户输入消息: HELLO
[2025-10-23 23:39:33] [DEBUG] [PID:99629] 发送聊天消息: HELLO
[2025-10-23 23:39:34] [DEBUG] [PID:99629] 用户输入消息: HELLO
[2025-10-23 23:39:34] [DEBUG] [PID:99629] 发送聊天消息: HELLO
[2025-10-23 23:39:34] [DEBUG] [PID:99629] 用户输入消息: HELLO
[2025-10-23 23:39:34] [DEBUG] [PID:99629] 发送聊天消息: HELLO
[2025-10-23 23:39:55] [DEBUG] [PID:99629] 用户输入消息: [A
[2025-10-23 23:39:55] [DEBUG] [PID:99629] 发送聊天消息: [A
[2025-10-23 23:39:55] [DEBUG] [PID:99629] 用户输入消息: [A
[2025-10-23 23:39:55] [DEBUG] [PID:99629] 发送聊天消息: [A
[2025-10-23 23:39:56] [DEBUG] [PID:99629] 用户输入消息: [A
[2025-10-23 23:39:56] [DEBUG] [PID:99629] 发送聊天消息: [A
[2025-10-23 23:39:56] [DEBUG] [PID:99629] 用户输入消息: [A
[2025-10-23 23:39:56] [DEBUG] [PID:99629] 发送聊天消息: [A
[2025-10-23 23:39:56] [DEBUG] [PID:99629] 用户输入消息: [A
[2025-10-23 23:39:56] [DEBUG] [PID:99629] 发送聊天消息: [A
[2025-10-23 23:39:56] [DEBUG] [PID:99629] 用户输入消息: [A
[2025-10-23 23:39:56] [DEBUG] [PID:99629] 发送聊天消息: [A
[2025-10-23 23:39:56] [DEBUG] [PID:99629] 用户输入消息: [A
[2025-10-23 23:39:56] [DEBUG] [PID:99629] 发送聊天消息: [A
[2025-10-23 23:39:56] [DEBUG] [PID:99629] 用户输入消息: [A
[2025-10-23 23:39:56] [DEBUG] [PID:99629] 发送聊天消息: [A
[2025-10-23 23:39:57] [DEBUG] [PID:99629] 用户输入消息: [A
[2025-10-23 23:39:57] [DEBUG] [PID:99629] 发送聊天消息: [A
[2025-10-23 23:39:57] [DEBUG] [PID:99629] 用户输入消息: [A
[2025-10-23 23:39:57] [DEBUG] [PID:99629] 发送聊天消息: [A
[2025-10-23 23:39:57] [DEBUG] [PID:99629] 用户输入消息: [A
[2025-10-23 23:39:57] [DEBUG] [PID:99629] 发送聊天消息: [A
[2025-10-23 23:39:57] [DEBUG] [PID:99629] 用户输入消息: [A
[2025-10-23 23:39:57] [DEBUG] [PID:99629] 发送聊天消息: [A
[2025-10-23 23:39:57] [DEBUG] [PID:99629] 用户输入消息: [A
[2025-10-23 23:39:57] [DEBUG] [PID:99629] 发送聊天消息: [A
[2025-10-23 23:39:57] [DEBUG] [PID:99629] 用户输入消息: [A
[2025-10-23 23:39:57] [DEBUG] [PID:99629] 发送聊天消息: [A
[2025-10-23 23:39:57] [DEBUG] [PID:99629] 用户输入消息: [A
[2025-10-23 23:39:57] [DEBUG] [PID:99629] 发送聊天消息: [A
[2025-10-23 23:39:58] [DEBUG] [PID:99629] 用户输入消息: [A
[2025-10-23 23:39:58] [DEBUG] [PID:99629] 发送聊天消息: [A
[2025-10-23 23:39:58] [DEBUG] [PID:99629] 用户输入消息: [A
[2025-10-23 23:39:58] [DEBUG] [PID:99629] 发送聊天消息: [A
[2025-10-23 23:39:58] [DEBUG] [PID:99629] 用户输入消息: [A
[2025-10-23 23:39:58] [DEBUG] [PID:99629] 发送聊天消息: [A
[2025-10-23 23:39:58] [DEBUG] [PID:99629] 用户输入消息: [A
[2025-10-23 23:39:58] [DEBUG] [PID:99629] 发送聊天消息: [A
[2025-10-23 23:39:58] [DEBUG] [PID:99629] 用户输入消息: [A
[2025-10-23 23:39:58] [DEBUG] [PID:99629] 发送聊天消息: [A
[2025-10-23 23:39:58] [DEBUG] [PID:99629] 用户输入消息: [A
[2025-10-23 23:39:58] [DEBUG] [PID:99629] 发送聊天消息: [A
[2025-10-23 23:39:59] [DEBUG] [PID:99629] 用户输入消息: [A
[2025-10-23 23:39:59] [DEBUG] [PID:99629] 发送聊天消息: [A
[2025-10-23 23:39:59] [DEBUG] [PID:99629] 用户输入消息: [A
[2025-10-23 23:39:59] [DEBUG] [PID:99629] 发送聊天消息: [A
[2025-10-23 23:39:59] [DEBUG] [PID:99629] 用户输入消息: [A
[2025-10-23 23:39:59] [DEBUG] [PID:99629] 发送聊天消息: [A
[2025-10-23 23:39:59] [DEBUG] [PID:99629] 用户输入消息: [A[A
[2025-10-23 23:39:59] [DEBUG] [PID:99629] 发送聊天消息: [A[A
[2025-10-23 23:39:59] [DEBUG] [PID:99629] 用户输入消息: [A
[2025-10-23 23:39:59] [DEBUG] [PID:99629] 发送聊天消息: [A
[2025-10-23 23:39:59] [DEBUG] [PID:99629] 用户输入消息: [A
[2025-10-23 23:39:59] [DEBUG] [PID:99629] 发送聊天消息: [A
[2025-10-23 23:40:00] [DEBUG] [PID:99629] 用户输入消息: [A
[2025-10-23 23:40:00] [DEBUG] [PID:99629] 发送聊天消息: [A
[2025-10-23 23:40:00] [DEBUG] [PID:99629] 用户输入消息: [A
[2025-10-23 23:40:00] [DEBUG] [PID:99629] 发送聊天消息: [A
[2025-10-23 23:40:00] [DEBUG] [PID:99629] 用户输入消息: [A
[2025-10-23 23:40:00] [DEBUG] [PID:99629] 发送聊天消息: [A
[2025-10-23 23:40:00] [DEBUG] [PID:99629] 用户输入消息: [A
[2025-10-23 23:40:00] [DEBUG] [PID:99629] 发送聊天消息: [A
[2025-10-23 23:40:00] [DEBUG] [PID:99629] 用户输入消息: [A
[2025-10-23 23:40:00] [DEBUG] [PID:99629] 发送聊天消息: [A
[2025-10-23 23:40:00] [DEBUG] [PID:99629] 用户输入消息: [A
[2025-10-23 23:40:00] [DEBUG] [PID:99629] 发送聊天消息: [A
[2025-10-23 23:40:01] [DEBUG] [PID:99629] 用户输入消息: [A
[2025-10-23 23:40:01] [DEBUG] [PID:99629] 发送聊天消息: [A
[2025-10-23 23:40:01] [DEBUG] [PID:99629] 用户输入消息: [A
[2025-10-23 23:40:01] [DEBUG] [PID:99629] 发送聊天消息: [A
[2025-10-23 23:40:01] [DEBUG] [PID:99629] 用户输入消息: [A
[2025-10-23 23:40:01] [DEBUG] [PID:99629] 发送聊天消息: [A
[2025-10-23 23:40:01] [DEBUG] [PID:99629] 用户输入消息: [A
[2025-10-23 23:40:01] [DEBUG] [PID:99629] 发送聊天消息: [A
[2025-10-23 23:40:01] [DEBUG] [PID:99629] 用户输入消息: [A
[2025-10-23 23:40:01] [DEBUG] [PID:99629] 发送聊天消息: [A
[2025-10-23 23:40:01] [DEBUG] [PID:99629] 用户输入消息: [A
[2025-10-23 23:40:01] [DEBUG] [PID:99629] 发送聊天消息: [A
[2025-10-23 23:40:01] [DEBUG] [PID:99629] 用户输入消息: [A
[2025-10-23 23:40:01] [DEBUG] [PID:99629] 发送聊天消息: [A
[2025-10-23 23:40:02] [DEBUG] [PID:99629] 用户输入消息: [A
[2025-10-23 23:40:02] [DEBUG] [PID:99629] 发送聊天消息: [A
[2025-10-23 23:40:02] [DEBUG] [PID:99629] 用户输入消息: [A
[2025-10-23 23:40:02] [DEBUG] [PID:99629] 发送聊天消息: [A
[2025-10-23 23:40:02] [DEBUG] [PID:99629] 用户输入消息: [A
[2025-10-23 23:40:02] [DEBUG] [PID:99629] 发送聊天消息: [A
[2025-10-23 23:40:02] [DEBUG] [PID:99629] 用户输入消息: [A
[2025-10-23 23:40:02] [DEBUG] [PID:99629] 发送聊天消息: [A
[2025-10-23 23:40:02] [DEBUG] [PID:99629] 用户输入消息: [A
[2025-10-23 23:40:02] [DEBUG] [PID:99629] 发送聊天消息: [A
[2025-10-23 23:40:02] [DEBUG] [PID:99629] 用户输入消息: [A
[2025-10-23 23:40:02] [DEBUG] [PID:99629] 发送聊天消息: [A
[2025-10-23 23:40:03] [DEBUG] [PID:99629] 用户输入消息: [A
[2025-10-23 23:40:03] [DEBUG] [PID:99629] 发送聊天消息: [A
[2025-10-23 23:40:03] [DEBUG] [PID:99629] 用户输入消息: [A
[2025-10-23 23:40:03] [DEBUG] [PID:99629] 发送聊天消息: [A
[2025-10-23 23:40:03] [DEBUG] [PID:99629] 用户输入消息: [A
[2025-10-23 23:40:03] [DEBUG] [PID:99629] 发送聊天消息: [A
[2025-10-23 23:40:03] [DEBUG] [PID:99629] 用户输入消息: [A
[2025-10-23 23:40:03] [DEBUG] [PID:99629] 发送聊天消息: [A
[2025-10-23 23:40:03] [DEBUG] [PID:99629] 用户输入消息: [A
[2025-10-23 23:40:03] [DEBUG] [PID:99629] 发送聊天消息: [A
[2025-10-23 23:40:04] [DEBUG] [PID:99629] 用户输入消息: [A
[2025-10-23 23:40:04] [DEBUG] [PID:99629] 发送聊天消息: [A
[2025-10-23 23:40:04] [DEBUG] [PID:99629] 用户输入消息: [A
[2025-10-23 23:40:04] [DEBUG] [PID:99629] 发送聊天消息: [A
[2025-10-23 23:40:04] [DEBUG] [PID:99629] 用户输入消息: [A
[2025-10-23 23:40:04] [DEBUG] [PID:99629] 发送聊天消息: [A
[2025-10-23 23:40:04] [DEBUG] [PID:99629] 用户输入消息: [A
[2025-10-23 23:40:04] [DEBUG] [PID:99629] 发送聊天消息: [A
[2025-10-23 23:40:05] [DEBUG] [PID:99629] 用户输入消息: [A
[2025-10-23 23:40:05] [DEBUG] [PID:99629] 发送聊天消息: [A
[2025-10-23 23:40:05] [DEBUG] [PID:99629] 用户输入消息: [A
[2025-10-23 23:40:05] [DEBUG] [PID:99629] 发送聊天消息: [A
[2025-10-23 23:40:05] [DEBUG] [PID:99629] 用户输入消息: [A
[2025-10-23 23:40:05] [DEBUG] [PID:99629] 发送聊天消息: [A
[2025-10-23 23:40:05] [DEBUG] [PID:99629] 用户输入消息: [A
[2025-10-23 23:40:05] [DEBUG] [PID:99629] 发送聊天消息: [A
[2025-10-23 23:40:05] [DEBUG] [PID:99629] 用户输入消息: [A
[2025-10-23 23:40:05] [DEBUG] [PID:99629] 发送聊天消息: [A
[2025-10-23 23:40:06] [DEBUG] [PID:99629] 用户输入消息: [A
[2025-10-23 23:40:06] [DEBUG] [PID:99629] 发送聊天消息: [A
[2025-10-23 23:40:06] [DEBUG] [PID:99629] 用户输入消息: [A
[2025-10-23 23:40:06] [DEBUG] [PID:99629] 发送聊天消息: [A
[2025-10-23 23:40:06] [DEBUG] [PID:99629] 用户输入消息: [A
[2025-10-23 23:40:06] [DEBUG] [PID:99629] 发送聊天消息: [A
[2025-10-23 23:40:06] [DEBUG] [PID:99629] 用户输入消息: [A
[2025-10-23 23:40:06] [DEBUG] [PID:99629] 发送聊天消息: [A
[2025-10-23 23:40:06] [DEBUG] [PID:99629] 用户输入消息: [A
[2025-10-23 23:40:06] [DEBUG] [PID:99629] 发送聊天消息: [A
[2025-10-23 23:40:07] [DEBUG] [PID:99629] 用户输入消息: [A
[2025-10-23 23:40:07] [DEBUG] [PID:99629] 发送聊天消息: [A
[2025-10-23 23:40:07] [DEBUG] [PID:99629] 用户输入消息: [A
[2025-10-23 23:40:07] [DEBUG] [PID:99629] 发送聊天消息: [A
[2025-10-23 23:40:07] [DEBUG] [PID:99629] 用户输入消息: [A
[2025-10-23 23:40:07] [DEBUG] [PID:99629] 发送聊天消息: [A
[2025-10-23 23:40:07] [DEBUG] [PID:99629] 用户输入消息: [A
[2025-10-23 23:40:07] [DEBUG] [PID:99629] 发送聊天消息: [A
[2025-10-23 23:40:07] [DEBUG] [PID:99629] 用户输入消息: [A
[2025-10-23 23:40:07] [DEBUG] [PID:99629] 发送聊天消息: [A
[2025-10-23 23:40:07] [DEBUG] [PID:99629] 用户输入消息: [A
[2025-10-23 23:40:07] [DEBUG] [PID:99629] 发送聊天消息: [A
[2025-10-23 23:40:07] [DEBUG] [PID:99629] 用户输入消息: [A
[2025-10-23 23:40:07] [DEBUG] [PID:99629] 发送聊天消息: [A
[2025-10-23 23:40:08] [DEBUG] [PID:99629] 用户输入消息: [A
[2025-10-23 23:40:08] [DEBUG] [PID:99629] 发送聊天消息: [A
[2025-10-23 23:40:08] [DEBUG] [PID:99629] 用户输入消息: [A
[2025-10-23 23:40:08] [DEBUG] [PID:99629] 发送聊天消息: [A
[2025-10-23 23:40:08] [DEBUG] [PID:99629] 用户输入消息: [A
[2025-10-23 23:40:08] [DEBUG] [PID:99629] 发送聊天消息: [A
[2025-10-23 23:40:08] [DEBUG] [PID:99629] 用户输入消息: [A
[2025-10-23 23:40:08] [DEBUG] [PID:99629] 发送聊天消息: [A
[2025-10-23 23:40:08] [DEBUG] [PID:99629] 用户输入消息: [A
[2025-10-23 23:40:08] [DEBUG] [PID:99629] 发送聊天消息: [A
[2025-10-23 23:40:08] [DEBUG] [PID:99629] 用户输入消息: [A
[2025-10-23 23:40:08] [DEBUG] [PID:99629] 发送聊天消息: [A
[2025-10-23 23:40:09] [DEBUG] [PID:99629] 用户输入消息: [A
[2025-10-23 23:40:09] [DEBUG] [PID:99629] 发送聊天消息: [A
[2025-10-23 23:40:09] [DEBUG] [PID:99629] 用户输入消息: [A[A[A
[2025-10-23 23:40:09] [DEBUG] [PID:99629] 发送聊天消息: [A[A[A
[2025-10-23 23:40:10] [DEBUG] [PID:99629] 用户输入消息: [A[A[A[A[A[A
[2025-10-23 23:40:10] [DEBUG] [PID:99629] 发送聊天消息: [A[A[A[A[A[A
[2025-10-23 23:40:10] [DEBUG] [PID:99629] 用户输入消息: [A
[2025-10-23 23:40:10] [DEBUG] [PID:99629] 发送聊天消息: [A
[2025-10-23 23:40:10] [DEBUG] [PID:99629] 用户输入消息: [A
[2025-10-23 23:40:10] [DEBUG] [PID:99629] 发送聊天消息: [A
[2025-10-23 23:40:10] [DEBUG] [PID:99629] 用户输入消息: [A
[2025-10-23 23:40:10] [DEBUG] [PID:99629] 发送聊天消息: [A
[2025-10-23 23:40:11] [DEBUG] [PID:99629] 用户输入消息: [A
[2025-10-23 23:40:11] [DEBUG] [PID:99629] 发送聊天消息: [A
[2025-10-23 23:40:11] [DEBUG] [PID:99629] 用户输入消息: [A
[2025-10-23 23:40:11] [DEBUG] [PID:99629] 发送聊天消息: [A
[2025-10-23 23:40:11] [DEBUG] [PID:99629] 用户输入消息: [A
[2025-10-23 23:40:11] [DEBUG] [PID:99629] 发送聊天消息: [A
[2025-10-23 23:40:11] [DEBUG] [PID:99629] 用户输入消息: [A
[2025-10-23 23:40:11] [DEBUG] [PID:99629] 发送聊天消息: [A
[2025-10-23 23:40:12] [DEBUG] [PID:99629] 用户输入消息: [A
[2025-10-23 23:40:12] [DEBUG] [PID:99629] 发送聊天消息: [A
[2025-10-23 23:40:12] [DEBUG] [PID:99629] 用户输入消息: [A[A
[2025-10-23 23:40:12] [DEBUG] [PID:99629] 发送聊天消息: [A[A
[2025-10-23 23:40:12] [DEBUG] [PID:99629] 用户输入消息: [A
[2025-10-23 23:40:12] [DEBUG] [PID:99629] 发送聊天消息: [A
[2025-10-23 23:40:12] [DEBUG] [PID:99629] 用户输入消息: [A
[2025-10-23 23:40:12] [DEBUG] [PID:99629] 发送聊天消息: [A
[2025-10-23 23:40:12] [DEBUG] [PID:99629] 用户输入消息: [A
[2025-10-23 23:40:12] [DEBUG] [PID:99629] 发送聊天消息: [A
[2025-10-23 23:40:12] [DEBUG] [PID:99629] 用户输入消息: [A
[2025-10-23 23:40:12] [DEBUG] [PID:99629] 发送聊天消息: [A
[2025-10-23 23:40:13] [DEBUG] [PID:99629] 用户输入消息: [A
[2025-10-23 23:40:13] [DEBUG] [PID:99629] 发送聊天消息: [A
[2025-10-23 23:40:13] [DEBUG] [PID:99629] 用户输入消息: [A
[2025-10-23 23:40:13] [DEBUG] [PID:99629] 发送聊天消息: [A
[2025-10-23 23:40:13] [DEBUG] [PID:99629] 用户输入消息: [A[A
[2025-10-23 23:40:13] [DEBUG] [PID:99629] 发送聊天消息: [A[A
[2025-10-23 23:40:13] [DEBUG] [PID:99629] 用户输入消息: [A
[2025-10-23 23:40:13] [DEBUG] [PID:99629] 发送聊天消息: [A
[2025-10-23 23:40:13] [DEBUG] [PID:99629] 用户输入消息: [A[A[A[A
[2025-10-23 23:40:13] [DEBUG] [PID:99629] 发送聊天消息: [A[A[A[A
[2025-10-23 23:40:13] [DEBUG] [PID:99629] 用户输入消息: [A
[2025-10-23 23:40:13] [DEBUG] [PID:99629] 发送聊天消息: [A
[2025-10-23 23:40:13] [DEBUG] [PID:99629] 用户输入消息: [A
[2025-10-23 23:40:13] [DEBUG] [PID:99629] 发送聊天消息: [A
[2025-10-23 23:40:14] [DEBUG] [PID:99629] 用户输入消息: [A
[2025-10-23 23:40:14] [DEBUG] [PID:99629] 发送聊天消息: [A
[2025-10-23 23:40:14] [DEBUG] [PID:99629] 用户输入消息: [A
[2025-10-23 23:40:14] [DEBUG] [PID:99629] 发送聊天消息: [A
[2025-10-23 23:40:14] [DEBUG] [PID:99629] 用户输入消息: [A
[2025-10-23 23:40:14] [DEBUG] [PID:99629] 发送聊天消息: [A
[2025-10-23 23:40:14] [DEBUG] [PID:99629] 用户输入消息: [A[A
[2025-10-23 23:40:14] [DEBUG] [PID:99629] 发送聊天消息: [A[A
[2025-10-23 23:40:14] [DEBUG] [PID:99629] 用户输入消息: [A
[2025-10-23 23:40:14] [DEBUG] [PID:99629] 发送聊天消息: [A
[2025-10-23 23:40:14] [DEBUG] [PID:99629] 用户输入消息: [A
[2025-10-23 23:40:14] [DEBUG] [PID:99629] 发送聊天消息: [A
[2025-10-23 23:40:14] [DEBUG] [PID:99629] 用户输入消息: [A
[2025-10-23 23:40:14] [DEBUG] [PID:99629] 发送聊天消息: [A
[2025-10-23 23:40:14] [DEBUG] [PID:99629] 用户输入消息: [A
[2025-10-23 23:40:14] [DEBUG] [PID:99629] 发送聊天消息: [A
[2025-10-23 23:40:14] [DEBUG] [PID:99629] 用户输入消息: [A[A[A
[2025-10-23 23:40:14] [DEBUG] [PID:99629] 发送聊天消息: [A[A[A
[2025-10-23 23:40:15] [DEBUG] [PID:99629] 用户输入消息: [A
[2025-10-23 23:40:15] [DEBUG] [PID:99629] 发送聊天消息: [A
[2025-10-23 23:40:15] [DEBUG] [PID:99629] 用户输入消息: [A
[2025-10-23 23:40:15] [DEBUG] [PID:99629] 发送聊天消息: [A
[2025-10-23 23:40:15] [DEBUG] [PID:99629] 用户输入消息: [A
[2025-10-23 23:40:15] [DEBUG] [PID:99629] 发送聊天消息: [A
[2025-10-23 23:40:15] [DEBUG] [PID:99629] 用户输入消息: [A[A
[2025-10-23 23:40:15] [DEBUG] [PID:99629] 发送聊天消息: [A[A
[2025-10-23 23:40:15] [DEBUG] [PID:99629] 用户输入消息: [A
[2025-10-23 23:40:15] [DEBUG] [PID:99629] 发送聊天消息: [A
[2025-10-23 23:40:15] [DEBUG] [PID:99629] 用户输入消息: [A[A[A
[2025-10-23 23:40:15] [DEBUG] [PID:99629] 发送聊天消息: [A[A[A
[2025-10-23 23:40:15] [DEBUG] [PID:99629] 用户输入消息: [A
[2025-10-23 23:40:15] [DEBUG] [PID:99629] 发送聊天消息: [A
[2025-10-23 23:40:15] [DEBUG] [PID:99629] 用户输入消息: [A
[2025-10-23 23:40:15] [DEBUG] [PID:99629] 发送聊天消息: [A
[2025-10-23 23:40:16] [DEBUG] [PID:99629] 用户输入消息: [A[A[A
[2025-10-23 23:40:16] [DEBUG] [PID:99629] 发送聊天消息: [A[A[A
[2025-10-23 23:40:16] [DEBUG] [PID:99629] 用户输入消息: [A
[2025-10-23 23:40:16] [DEBUG] [PID:99629] 发送聊天消息: [A
[2025-10-23 23:40:16] [DEBUG] [PID:99629] 用户输入消息: [A
[2025-10-23 23:40:16] [DEBUG] [PID:99629] 发送聊天消息: [A
[2025-10-23 23:40:16] [DEBUG] [PID:99629] 用户输入消息: [A[A[A[A
[2025-10-23 23:40:16] [DEBUG] [PID:99629] 发送聊天消息: [A[A[A[A
[2025-10-23 23:40:16] [DEBUG] [PID:99629] 用户输入消息: [A
[2025-10-23 23:40:16] [DEBUG] [PID:99629] 发送聊天消息: [A
[2025-10-23 23:40:16] [DEBUG] [PID:99629] 用户输入消息: [A
[2025-10-23 23:40:16] [DEBUG] [PID:99629] 发送聊天消息: [A
[2025-10-23 23:40:16] [DEBUG] [PID:99629] 用户输入消息: [A
[2025-10-23 23:40:16] [DEBUG] [PID:99629] 发送聊天消息: [A
[2025-10-23 23:40:16] [DEBUG] [PID:99629] 用户输入消息: [A
[2025-10-23 23:40:16] [DEBUG] [PID:99629] 发送聊天消息: [A
[2025-10-23 23:40:16] [DEBUG] [PID:99629] 用户输入消息: [A
[2025-10-23 23:40:16] [DEBUG] [PID:99629] 发送聊天消息: [A
[2025-10-23 23:40:17] [DEBUG] [PID:99629] 用户输入消息: [A
[2025-10-23 23:40:17] [DEBUG] [PID:99629] 发送聊天消息: [A
[2025-10-23 23:40:17] [DEBUG] [PID:99629] 用户输入消息: [A
[2025-10-23 23:40:17] [DEBUG] [PID:99629] 发送聊天消息: [A
[2025-10-23 23:40:17] [DEBUG] [PID:99629] 用户输入消息: [A[A
[2025-10-23 23:40:17] [DEBUG] [PID:99629] 发送聊天消息: [A[A
[2025-10-23 23:40:17] [DEBUG] [PID:99629] 用户输入消息: [A
[2025-10-23 23:40:17] [DEBUG] [PID:99629] 发送聊天消息: [A
[2025-10-23 23:40:17] [DEBUG] [PID:99629] 用户输入消息: [A
[2025-10-23 23:40:17] [DEBUG] [PID:99629] 发送聊天消息: [A
[2025-10-23 23:40:17] [DEBUG] [PID:99629] 用户输入消息: [A
[2025-10-23 23:40:17] [DEBUG] [PID:99629] 发送聊天消息: [A
[2025-10-23 23:40:17] [DEBUG] [PID:99629] 用户输入消息: [A
[2025-10-23 23:40:17] [DEBUG] [PID:99629] 发送聊天消息: [A
[2025-10-23 23:40:17] [DEBUG] [PID:99629] 用户输入消息: [A[A[A
[2025-10-23 23:40:17] [DEBUG] [PID:99629] 发送聊天消息: [A[A[A
[2025-10-23 23:40:17] [DEBUG] [PID:99629] 用户输入消息: [A
[2025-10-23 23:40:17] [DEBUG] [PID:99629] 发送聊天消息: [A
[2025-10-23 23:40:18] [DEBUG] [PID:99629] 用户输入消息: [A
[2025-10-23 23:40:18] [DEBUG] [PID:99629] 发送聊天消息: [A
[2025-10-23 23:40:18] [DEBUG] [PID:99629] 用户输入消息: [A
[2025-10-23 23:40:18] [DEBUG] [PID:99629] 发送聊天消息: [A
[2025-10-23 23:40:18] [DEBUG] [PID:99629] 用户输入消息: [A[A[A
[2025-10-23 23:40:18] [DEBUG] [PID:99629] 发送聊天消息: [A[A[A
[2025-10-23 23:40:18] [DEBUG] [PID:99629] 用户输入消息: [A[A[A[A
[2025-10-23 23:40:18] [DEBUG] [PID:99629] 发送聊天消息: [A[A[A[A
[2025-10-23 23:40:18] [DEBUG] [PID:99629] 用户输入消息: [A
[2025-10-23 23:40:18] [DEBUG] [PID:99629] 发送聊天消息: [A
[2025-10-23 23:40:18] [DEBUG] [PID:99629] 用户输入消息: [A
[2025-10-23 23:40:18] [DEBUG] [PID:99629] 发送聊天消息: [A
[2025-10-23 23:40:18] [DEBUG] [PID:99629] 用户输入消息: [A
[2025-10-23 23:40:18] [DEBUG] [PID:99629] 发送聊天消息: [A
[2025-10-23 23:40:19] [DEBUG] [PID:99629] 用户输入消息: [A
[2025-10-23 23:40:19] [DEBUG] [PID:99629] 发送聊天消息: [A
[2025-10-23 23:40:19] [DEBUG] [PID:99629] 用户输入消息: [A
[2025-10-23 23:40:19] [DEBUG] [PID:99629] 发送聊天消息: [A
[2025-10-23 23:40:19] [DEBUG] [PID:99629] 用户输入消息: [A
[2025-10-23 23:40:19] [DEBUG] [PID:99629] 发送聊天消息: [A
[2025-10-23 23:40:19] [DEBUG] [PID:99629] 用户输入消息: [A[A
[2025-10-23 23:40:19] [DEBUG] [PID:99629] 发送聊天消息: [A[A
[2025-10-23 23:40:19] [DEBUG] [PID:99629] 用户输入消息: [A
[2025-10-23 23:40:19] [DEBUG] [PID:99629] 发送聊天消息: [A
[2025-10-23 23:40:19] [DEBUG] [PID:99629] 用户输入消息: [A
[2025-10-23 23:40:19] [DEBUG] [PID:99629] 发送聊天消息: [A
[2025-10-23 23:40:19] [DEBUG] [PID:99629] 用户输入消息: [A
[2025-10-23 23:40:19] [DEBUG] [PID:99629] 发送聊天消息: [A
[2025-10-23 23:40:20] [DEBUG] [PID:99629] 用户输入消息: [A
[2025-10-23 23:40:20] [DEBUG] [PID:99629] 发送聊天消息: [A
[2025-10-23 23:51:24] [ERROR] [PID:99629] 与服务器的连接已断开
[2025-10-23 23:51:24] [DEBUG] [PID:99629] 消息接收线程结束
