[2025-10-23 23:16:23] [INFO] [PID:94179] === 日志系统初始化成功 ===
[2025-10-23 23:16:23] [INFO] [PID:94179] 进程类型: server
[2025-10-23 23:16:23] [INFO] [PID:94179] 日志文件: logs/2025-10-23_server.log
[2025-10-23 23:16:23] [INFO] [PID:94179] 开始初始化服务器
[2025-10-23 23:16:23] [DEBUG] [PID:94179] TCP套接字创建成功
[2025-10-23 23:16:23] [INFO] [PID:94179] 开始连接数据库
[2025-10-23 23:16:23] [DEBUG] [PID:94179] usrinfo表未找到空用户名记录
[2025-10-23 23:16:23] [DEBUG] [PID:94179] onlineinfo表未找到空用户名记录
[2025-10-23 23:16:23] [INFO] [PID:94179] 数据库连接完成
[2025-10-23 23:16:23] [INFO] [PID:94179] 服务器初始化完成
[2025-10-23 23:16:23] [INFO] [PID:94179] 服务器启动，开始接受客户端连接
[2025-10-23 23:18:46] [INFO] [PID:94179] 新客户端连接，fd=6
[2025-10-23 23:18:46] [DEBUG] [PID:94179] 客户端fd=6存储在位置0
[2025-10-23 23:18:46] [INFO] [PID:94179] 创建服务线程成功，当前在线客户端数: 1
[2025-10-23 23:18:46] [INFO] [PID:94179] 创建服务线程，客户端fd=6
[2025-10-23 23:18:50] [INFO] [PID:94179] 处理用户登录请求，用户名: t
[2025-10-23 23:18:52] [DEBUG] [PID:94179] 广播聊天消息，发送者: t，内容: t进入了聊天室
[2025-10-23 23:18:52] [DEBUG] [PID:94179] 开始广播消息，发送者fd=6，消息内容: t进入了聊天室
[2025-10-23 23:18:52] [DEBUG] [PID:94179] 消息广播完成
[2025-10-23 23:18:53] [INFO] [PID:94179] 新客户端连接，fd=7
[2025-10-23 23:18:53] [DEBUG] [PID:94179] 客户端fd=7存储在位置1
[2025-10-23 23:18:53] [INFO] [PID:94179] 创建服务线程成功，当前在线客户端数: 2
[2025-10-23 23:18:53] [INFO] [PID:94179] 创建服务线程，客户端fd=7
[2025-10-23 23:18:55] [INFO] [PID:94179] 处理用户登录请求，用户名: t1
[2025-10-23 23:18:57] [DEBUG] [PID:94179] 广播聊天消息，发送者: t1，内容: t1进入了聊天室
[2025-10-23 23:18:57] [DEBUG] [PID:94179] 开始广播消息，发送者fd=7，消息内容: t1进入了聊天室
[2025-10-23 23:18:57] [DEBUG] [PID:94179] 向客户端fd=6发送消息
[2025-10-23 23:18:57] [DEBUG] [PID:94179] 消息广播完成
[2025-10-23 23:23:13] [DEBUG] [PID:94179] 广播聊天消息，发送者: t，内容: t退出了聊天室
[2025-10-23 23:23:13] [DEBUG] [PID:94179] 开始广播消息，发送者fd=6，消息内容: t退出了聊天室
[2025-10-23 23:23:13] [DEBUG] [PID:94179] 向客户端fd=7发送消息
[2025-10-23 23:23:13] [DEBUG] [PID:94179] 消息广播完成
[2025-10-23 23:23:13] [INFO] [PID:94179] 客户端断开连接，fd=6，用户名: t
[2025-10-23 23:23:14] [DEBUG] [PID:94179] 广播聊天消息，发送者: t1，内容: t1退出了聊天室
[2025-10-23 23:23:14] [DEBUG] [PID:94179] 开始广播消息，发送者fd=7，消息内容: t1退出了聊天室
[2025-10-23 23:23:14] [DEBUG] [PID:94179] 向客户端fd=6发送消息
[2025-10-23 23:23:14] [DEBUG] [PID:94179] 消息广播完成
[2025-10-23 23:23:14] [INFO] [PID:94179] 客户端断开连接，fd=7，用户名: t1
[2025-10-23 23:23:28] [INFO] [PID:98430] === 日志系统初始化成功 ===
[2025-10-23 23:23:28] [INFO] [PID:98430] 进程类型: server
[2025-10-23 23:23:28] [INFO] [PID:98430] 日志文件: logs/2025-10-23_server.log
[2025-10-23 23:23:28] [INFO] [PID:98430] 开始初始化服务器
[2025-10-23 23:23:28] [DEBUG] [PID:98430] TCP套接字创建成功
[2025-10-23 23:23:28] [INFO] [PID:98430] 开始连接数据库
[2025-10-23 23:23:28] [DEBUG] [PID:98430] usrinfo表未找到空用户名记录
[2025-10-23 23:23:28] [DEBUG] [PID:98430] onlineinfo表未找到空用户名记录
[2025-10-23 23:23:28] [INFO] [PID:98430] 数据库连接完成
[2025-10-23 23:23:28] [INFO] [PID:98430] 服务器初始化完成
[2025-10-23 23:23:28] [INFO] [PID:98430] 服务器启动，开始接受客户端连接
[2025-10-23 23:23:44] [INFO] [PID:98683] === 日志系统初始化成功 ===
[2025-10-23 23:23:44] [INFO] [PID:98683] 进程类型: server
[2025-10-23 23:23:44] [INFO] [PID:98683] 日志文件: logs/2025-10-23_server.log
[2025-10-23 23:23:44] [INFO] [PID:98683] 开始初始化服务器
[2025-10-23 23:23:44] [DEBUG] [PID:98683] TCP套接字创建成功
[2025-10-23 23:24:03] [INFO] [PID:98926] === 日志系统初始化成功 ===
[2025-10-23 23:24:03] [INFO] [PID:98926] 进程类型: server
[2025-10-23 23:24:03] [INFO] [PID:98926] 日志文件: logs/2025-10-23_server.log
[2025-10-23 23:24:03] [INFO] [PID:98926] 开始初始化服务器
[2025-10-23 23:24:03] [DEBUG] [PID:98926] TCP套接字创建成功
[2025-10-23 23:24:20] [INFO] [PID:99239] === 日志系统初始化成功 ===
[2025-10-23 23:24:20] [INFO] [PID:99239] 进程类型: server
[2025-10-23 23:24:20] [INFO] [PID:99239] 日志文件: logs/2025-10-23_server.log
[2025-10-23 23:24:20] [INFO] [PID:99239] 开始初始化服务器
[2025-10-23 23:24:20] [DEBUG] [PID:99239] TCP套接字创建成功
[2025-10-23 23:24:20] [INFO] [PID:99239] 开始连接数据库
[2025-10-23 23:24:20] [DEBUG] [PID:99239] usrinfo表未找到空用户名记录
[2025-10-23 23:24:20] [DEBUG] [PID:99239] onlineinfo表未找到空用户名记录
[2025-10-23 23:24:20] [INFO] [PID:99239] 数据库连接完成
[2025-10-23 23:24:20] [INFO] [PID:99239] 服务器初始化完成
[2025-10-23 23:24:20] [INFO] [PID:99239] 服务器启动，开始接受客户端连接
[2025-10-23 23:24:52] [INFO] [PID:99239] 新客户端连接，fd=6
[2025-10-23 23:24:52] [DEBUG] [PID:99239] 客户端fd=6存储在位置0
[2025-10-23 23:24:52] [INFO] [PID:99239] 创建服务线程成功，当前在线客户端数: 1
[2025-10-23 23:24:52] [INFO] [PID:99239] 创建服务线程，客户端fd=6
[2025-10-23 23:24:54] [INFO] [PID:99239] 处理用户登录请求，用户名: t
[2025-10-23 23:24:56] [DEBUG] [PID:99239] 广播聊天消息，发送者: t，内容: t进入了聊天室
[2025-10-23 23:24:56] [DEBUG] [PID:99239] 开始广播消息，发送者fd=6，消息内容: t进入了聊天室
[2025-10-23 23:24:56] [DEBUG] [PID:99239] 消息广播完成
[2025-10-23 23:24:57] [INFO] [PID:99239] 新客户端连接，fd=7
[2025-10-23 23:24:57] [DEBUG] [PID:99239] 客户端fd=7存储在位置1
[2025-10-23 23:24:57] [INFO] [PID:99239] 创建服务线程成功，当前在线客户端数: 2
[2025-10-23 23:24:57] [INFO] [PID:99239] 创建服务线程，客户端fd=7
[2025-10-23 23:24:59] [INFO] [PID:99239] 处理用户登录请求，用户名: t1
[2025-10-23 23:25:01] [DEBUG] [PID:99239] 广播聊天消息，发送者: t1，内容: t1进入了聊天室
[2025-10-23 23:25:01] [DEBUG] [PID:99239] 开始广播消息，发送者fd=7，消息内容: t1进入了聊天室
[2025-10-23 23:25:01] [DEBUG] [PID:99239] 向客户端fd=6发送消息
[2025-10-23 23:25:01] [DEBUG] [PID:99239] 消息广播完成
[2025-10-23 23:39:13] [DEBUG] [PID:99239] 广播聊天消息，发送者: t，内容: HELLO
[2025-10-23 23:39:13] [DEBUG] [PID:99239] 开始广播消息，发送者fd=6，消息内容: HELLO
[2025-10-23 23:39:13] [DEBUG] [PID:99239] 向客户端fd=7发送消息
[2025-10-23 23:39:13] [DEBUG] [PID:99239] 消息广播完成
[2025-10-23 23:39:18] [DEBUG] [PID:99239] 广播聊天消息，发送者: t，内容: 
[2025-10-23 23:39:18] [DEBUG] [PID:99239] 开始广播消息，发送者fd=6，消息内容: 
[2025-10-23 23:39:18] [DEBUG] [PID:99239] 向客户端fd=7发送消息
[2025-10-23 23:39:18] [DEBUG] [PID:99239] 消息广播完成
[2025-10-23 23:39:21] [DEBUG] [PID:99239] 广播聊天消息，发送者: t，内容: 
[2025-10-23 23:39:21] [DEBUG] [PID:99239] 开始广播消息，发送者fd=6，消息内容: 
[2025-10-23 23:39:21] [DEBUG] [PID:99239] 向客户端fd=7发送消息
[2025-10-23 23:39:21] [DEBUG] [PID:99239] 消息广播完成
[2025-10-23 23:39:23] [DEBUG] [PID:99239] 广播聊天消息，发送者: t，内容: HELLO
[2025-10-23 23:39:23] [DEBUG] [PID:99239] 开始广播消息，发送者fd=6，消息内容: HELLO
[2025-10-23 23:39:23] [DEBUG] [PID:99239] 向客户端fd=7发送消息
[2025-10-23 23:39:23] [DEBUG] [PID:99239] 消息广播完成
[2025-10-23 23:39:23] [DEBUG] [PID:99239] 广播聊天消息，发送者: t，内容: HELLO
[2025-10-23 23:39:23] [DEBUG] [PID:99239] 开始广播消息，发送者fd=6，消息内容: HELLO
[2025-10-23 23:39:23] [DEBUG] [PID:99239] 向客户端fd=7发送消息
[2025-10-23 23:39:23] [DEBUG] [PID:99239] 消息广播完成
[2025-10-23 23:39:24] [DEBUG] [PID:99239] 广播聊天消息，发送者: t，内容: HELLO
[2025-10-23 23:39:24] [DEBUG] [PID:99239] 开始广播消息，发送者fd=6，消息内容: HELLO
[2025-10-23 23:39:24] [DEBUG] [PID:99239] 向客户端fd=7发送消息
[2025-10-23 23:39:24] [DEBUG] [PID:99239] 消息广播完成
[2025-10-23 23:39:24] [DEBUG] [PID:99239] 广播聊天消息，发送者: t，内容: HELLO
[2025-10-23 23:39:24] [DEBUG] [PID:99239] 开始广播消息，发送者fd=6，消息内容: HELLO
[2025-10-23 23:39:24] [DEBUG] [PID:99239] 向客户端fd=7发送消息
[2025-10-23 23:39:24] [DEBUG] [PID:99239] 消息广播完成
[2025-10-23 23:39:25] [DEBUG] [PID:99239] 广播聊天消息，发送者: t，内容: HELLO
[2025-10-23 23:39:25] [DEBUG] [PID:99239] 开始广播消息，发送者fd=6，消息内容: HELLO
[2025-10-23 23:39:25] [DEBUG] [PID:99239] 向客户端fd=7发送消息
[2025-10-23 23:39:25] [DEBUG] [PID:99239] 消息广播完成
[2025-10-23 23:39:26] [DEBUG] [PID:99239] 广播聊天消息，发送者: t，内容: HELLO
[2025-10-23 23:39:26] [DEBUG] [PID:99239] 开始广播消息，发送者fd=6，消息内容: HELLO
[2025-10-23 23:39:26] [DEBUG] [PID:99239] 向客户端fd=7发送消息
[2025-10-23 23:39:26] [DEBUG] [PID:99239] 消息广播完成
[2025-10-23 23:39:27] [DEBUG] [PID:99239] 广播聊天消息，发送者: t，内容: HELLO
[2025-10-23 23:39:27] [DEBUG] [PID:99239] 开始广播消息，发送者fd=6，消息内容: HELLO
[2025-10-23 23:39:27] [DEBUG] [PID:99239] 向客户端fd=7发送消息
[2025-10-23 23:39:27] [DEBUG] [PID:99239] 消息广播完成
[2025-10-23 23:39:28] [DEBUG] [PID:99239] 广播聊天消息，发送者: t，内容: HELLO
[2025-10-23 23:39:28] [DEBUG] [PID:99239] 开始广播消息，发送者fd=6，消息内容: HELLO
[2025-10-23 23:39:28] [DEBUG] [PID:99239] 向客户端fd=7发送消息
[2025-10-23 23:39:28] [DEBUG] [PID:99239] 消息广播完成
[2025-10-23 23:39:28] [DEBUG] [PID:99239] 广播聊天消息，发送者: t，内容: HELLO
[2025-10-23 23:39:28] [DEBUG] [PID:99239] 开始广播消息，发送者fd=6，消息内容: HELLO
[2025-10-23 23:39:28] [DEBUG] [PID:99239] 向客户端fd=7发送消息
[2025-10-23 23:39:28] [DEBUG] [PID:99239] 消息广播完成
[2025-10-23 23:39:29] [DEBUG] [PID:99239] 广播聊天消息，发送者: t，内容: HELLO
[2025-10-23 23:39:29] [DEBUG] [PID:99239] 开始广播消息，发送者fd=6，消息内容: HELLO
[2025-10-23 23:39:29] [DEBUG] [PID:99239] 向客户端fd=7发送消息
[2025-10-23 23:39:29] [DEBUG] [PID:99239] 消息广播完成
[2025-10-23 23:39:29] [DEBUG] [PID:99239] 广播聊天消息，发送者: t，内容: HELLO
[2025-10-23 23:39:29] [DEBUG] [PID:99239] 开始广播消息，发送者fd=6，消息内容: HELLO
[2025-10-23 23:39:29] [DEBUG] [PID:99239] 向客户端fd=7发送消息
[2025-10-23 23:39:29] [DEBUG] [PID:99239] 消息广播完成
[2025-10-23 23:39:30] [DEBUG] [PID:99239] 广播聊天消息，发送者: t，内容: HELLO
[2025-10-23 23:39:30] [DEBUG] [PID:99239] 开始广播消息，发送者fd=6，消息内容: HELLO
[2025-10-23 23:39:30] [DEBUG] [PID:99239] 向客户端fd=7发送消息
[2025-10-23 23:39:30] [DEBUG] [PID:99239] 消息广播完成
[2025-10-23 23:39:30] [DEBUG] [PID:99239] 广播聊天消息，发送者: t，内容: HELLO
[2025-10-23 23:39:30] [DEBUG] [PID:99239] 开始广播消息，发送者fd=6，消息内容: HELLO
[2025-10-23 23:39:30] [DEBUG] [PID:99239] 向客户端fd=7发送消息
[2025-10-23 23:39:30] [DEBUG] [PID:99239] 消息广播完成
[2025-10-23 23:39:31] [DEBUG] [PID:99239] 广播聊天消息，发送者: t，内容: HELLO
[2025-10-23 23:39:31] [DEBUG] [PID:99239] 开始广播消息，发送者fd=6，消息内容: HELLO
[2025-10-23 23:39:31] [DEBUG] [PID:99239] 向客户端fd=7发送消息
[2025-10-23 23:39:31] [DEBUG] [PID:99239] 消息广播完成
[2025-10-23 23:39:31] [DEBUG] [PID:99239] 广播聊天消息，发送者: t，内容: HELLO
[2025-10-23 23:39:31] [DEBUG] [PID:99239] 开始广播消息，发送者fd=6，消息内容: HELLO
[2025-10-23 23:39:31] [DEBUG] [PID:99239] 向客户端fd=7发送消息
[2025-10-23 23:39:31] [DEBUG] [PID:99239] 消息广播完成
[2025-10-23 23:39:32] [DEBUG] [PID:99239] 广播聊天消息，发送者: t，内容: HELLO
[2025-10-23 23:39:32] [DEBUG] [PID:99239] 开始广播消息，发送者fd=6，消息内容: HELLO
[2025-10-23 23:39:32] [DEBUG] [PID:99239] 向客户端fd=7发送消息
[2025-10-23 23:39:32] [DEBUG] [PID:99239] 消息广播完成
[2025-10-23 23:39:33] [DEBUG] [PID:99239] 广播聊天消息，发送者: t，内容: HELLO
[2025-10-23 23:39:33] [DEBUG] [PID:99239] 开始广播消息，发送者fd=6，消息内容: HELLO
[2025-10-23 23:39:33] [DEBUG] [PID:99239] 向客户端fd=7发送消息
[2025-10-23 23:39:33] [DEBUG] [PID:99239] 消息广播完成
[2025-10-23 23:39:33] [DEBUG] [PID:99239] 广播聊天消息，发送者: t，内容: HELLO
[2025-10-23 23:39:33] [DEBUG] [PID:99239] 开始广播消息，发送者fd=6，消息内容: HELLO
[2025-10-23 23:39:33] [DEBUG] [PID:99239] 向客户端fd=7发送消息
[2025-10-23 23:39:33] [DEBUG] [PID:99239] 消息广播完成
[2025-10-23 23:39:34] [DEBUG] [PID:99239] 广播聊天消息，发送者: t，内容: HELLO
[2025-10-23 23:39:34] [DEBUG] [PID:99239] 开始广播消息，发送者fd=6，消息内容: HELLO
[2025-10-23 23:39:34] [DEBUG] [PID:99239] 向客户端fd=7发送消息
[2025-10-23 23:39:34] [DEBUG] [PID:99239] 消息广播完成
[2025-10-23 23:39:34] [DEBUG] [PID:99239] 广播聊天消息，发送者: t，内容: HELLO
[2025-10-23 23:39:34] [DEBUG] [PID:99239] 开始广播消息，发送者fd=6，消息内容: HELLO
[2025-10-23 23:39:34] [DEBUG] [PID:99239] 向客户端fd=7发送消息
[2025-10-23 23:39:34] [DEBUG] [PID:99239] 消息广播完成
[2025-10-23 23:39:55] [DEBUG] [PID:99239] 广播聊天消息，发送者: t，内容: [A
[2025-10-23 23:39:55] [DEBUG] [PID:99239] 开始广播消息，发送者fd=6，消息内容: [A
[2025-10-23 23:39:55] [DEBUG] [PID:99239] 向客户端fd=7发送消息
[2025-10-23 23:39:55] [DEBUG] [PID:99239] 消息广播完成
[2025-10-23 23:39:55] [DEBUG] [PID:99239] 广播聊天消息，发送者: t，内容: [A
[2025-10-23 23:39:55] [DEBUG] [PID:99239] 开始广播消息，发送者fd=6，消息内容: [A
[2025-10-23 23:39:55] [DEBUG] [PID:99239] 向客户端fd=7发送消息
[2025-10-23 23:39:55] [DEBUG] [PID:99239] 消息广播完成
[2025-10-23 23:39:56] [DEBUG] [PID:99239] 广播聊天消息，发送者: t，内容: [A
[2025-10-23 23:39:56] [DEBUG] [PID:99239] 开始广播消息，发送者fd=6，消息内容: [A
[2025-10-23 23:39:56] [DEBUG] [PID:99239] 向客户端fd=7发送消息
[2025-10-23 23:39:56] [DEBUG] [PID:99239] 消息广播完成
[2025-10-23 23:39:56] [DEBUG] [PID:99239] 广播聊天消息，发送者: t，内容: [A
[2025-10-23 23:39:56] [DEBUG] [PID:99239] 开始广播消息，发送者fd=6，消息内容: [A
[2025-10-23 23:39:56] [DEBUG] [PID:99239] 向客户端fd=7发送消息
[2025-10-23 23:39:56] [DEBUG] [PID:99239] 消息广播完成
[2025-10-23 23:39:56] [DEBUG] [PID:99239] 广播聊天消息，发送者: t，内容: [A
[2025-10-23 23:39:56] [DEBUG] [PID:99239] 开始广播消息，发送者fd=6，消息内容: [A
[2025-10-23 23:39:56] [DEBUG] [PID:99239] 向客户端fd=7发送消息
[2025-10-23 23:39:56] [DEBUG] [PID:99239] 消息广播完成
[2025-10-23 23:39:56] [DEBUG] [PID:99239] 广播聊天消息，发送者: t，内容: [A
[2025-10-23 23:39:56] [DEBUG] [PID:99239] 开始广播消息，发送者fd=6，消息内容: [A
[2025-10-23 23:39:56] [DEBUG] [PID:99239] 向客户端fd=7发送消息
[2025-10-23 23:39:56] [DEBUG] [PID:99239] 消息广播完成
[2025-10-23 23:39:56] [DEBUG] [PID:99239] 广播聊天消息，发送者: t，内容: [A
[2025-10-23 23:39:56] [DEBUG] [PID:99239] 开始广播消息，发送者fd=6，消息内容: [A
[2025-10-23 23:39:56] [DEBUG] [PID:99239] 向客户端fd=7发送消息
[2025-10-23 23:39:56] [DEBUG] [PID:99239] 消息广播完成
[2025-10-23 23:39:56] [DEBUG] [PID:99239] 广播聊天消息，发送者: t，内容: [A
[2025-10-23 23:39:56] [DEBUG] [PID:99239] 开始广播消息，发送者fd=6，消息内容: [A
[2025-10-23 23:39:56] [DEBUG] [PID:99239] 向客户端fd=7发送消息
[2025-10-23 23:39:56] [DEBUG] [PID:99239] 消息广播完成
[2025-10-23 23:39:57] [DEBUG] [PID:99239] 广播聊天消息，发送者: t，内容: [A
[2025-10-23 23:39:57] [DEBUG] [PID:99239] 开始广播消息，发送者fd=6，消息内容: [A
[2025-10-23 23:39:57] [DEBUG] [PID:99239] 向客户端fd=7发送消息
[2025-10-23 23:39:57] [DEBUG] [PID:99239] 消息广播完成
[2025-10-23 23:39:57] [DEBUG] [PID:99239] 广播聊天消息，发送者: t，内容: [A
[2025-10-23 23:39:57] [DEBUG] [PID:99239] 开始广播消息，发送者fd=6，消息内容: [A
[2025-10-23 23:39:57] [DEBUG] [PID:99239] 向客户端fd=7发送消息
[2025-10-23 23:39:57] [DEBUG] [PID:99239] 消息广播完成
[2025-10-23 23:39:57] [DEBUG] [PID:99239] 广播聊天消息，发送者: t，内容: [A
[2025-10-23 23:39:57] [DEBUG] [PID:99239] 开始广播消息，发送者fd=6，消息内容: [A
[2025-10-23 23:39:57] [DEBUG] [PID:99239] 向客户端fd=7发送消息
[2025-10-23 23:39:57] [DEBUG] [PID:99239] 消息广播完成
[2025-10-23 23:39:57] [DEBUG] [PID:99239] 广播聊天消息，发送者: t，内容: [A
[2025-10-23 23:39:57] [DEBUG] [PID:99239] 开始广播消息，发送者fd=6，消息内容: [A
[2025-10-23 23:39:57] [DEBUG] [PID:99239] 向客户端fd=7发送消息
[2025-10-23 23:39:57] [DEBUG] [PID:99239] 消息广播完成
[2025-10-23 23:39:57] [DEBUG] [PID:99239] 广播聊天消息，发送者: t，内容: [A
[2025-10-23 23:39:57] [DEBUG] [PID:99239] 开始广播消息，发送者fd=6，消息内容: [A
[2025-10-23 23:39:57] [DEBUG] [PID:99239] 向客户端fd=7发送消息
[2025-10-23 23:39:57] [DEBUG] [PID:99239] 消息广播完成
[2025-10-23 23:39:57] [DEBUG] [PID:99239] 广播聊天消息，发送者: t，内容: [A
[2025-10-23 23:39:57] [DEBUG] [PID:99239] 开始广播消息，发送者fd=6，消息内容: [A
[2025-10-23 23:39:57] [DEBUG] [PID:99239] 向客户端fd=7发送消息
[2025-10-23 23:39:57] [DEBUG] [PID:99239] 消息广播完成
[2025-10-23 23:39:57] [DEBUG] [PID:99239] 广播聊天消息，发送者: t，内容: [A
[2025-10-23 23:39:57] [DEBUG] [PID:99239] 开始广播消息，发送者fd=6，消息内容: [A
[2025-10-23 23:39:57] [DEBUG] [PID:99239] 向客户端fd=7发送消息
[2025-10-23 23:39:57] [DEBUG] [PID:99239] 消息广播完成
[2025-10-23 23:39:58] [DEBUG] [PID:99239] 广播聊天消息，发送者: t，内容: [A
[2025-10-23 23:39:58] [DEBUG] [PID:99239] 开始广播消息，发送者fd=6，消息内容: [A
[2025-10-23 23:39:58] [DEBUG] [PID:99239] 向客户端fd=7发送消息
[2025-10-23 23:39:58] [DEBUG] [PID:99239] 消息广播完成
[2025-10-23 23:39:58] [DEBUG] [PID:99239] 广播聊天消息，发送者: t，内容: [A
[2025-10-23 23:39:58] [DEBUG] [PID:99239] 开始广播消息，发送者fd=6，消息内容: [A
[2025-10-23 23:39:58] [DEBUG] [PID:99239] 向客户端fd=7发送消息
[2025-10-23 23:39:58] [DEBUG] [PID:99239] 消息广播完成
[2025-10-23 23:39:58] [DEBUG] [PID:99239] 广播聊天消息，发送者: t，内容: [A
[2025-10-23 23:39:58] [DEBUG] [PID:99239] 开始广播消息，发送者fd=6，消息内容: [A
[2025-10-23 23:39:58] [DEBUG] [PID:99239] 向客户端fd=7发送消息
[2025-10-23 23:39:58] [DEBUG] [PID:99239] 消息广播完成
[2025-10-23 23:39:58] [DEBUG] [PID:99239] 广播聊天消息，发送者: t，内容: [A
[2025-10-23 23:39:58] [DEBUG] [PID:99239] 开始广播消息，发送者fd=6，消息内容: [A
[2025-10-23 23:39:58] [DEBUG] [PID:99239] 向客户端fd=7发送消息
[2025-10-23 23:39:58] [DEBUG] [PID:99239] 消息广播完成
[2025-10-23 23:39:58] [DEBUG] [PID:99239] 广播聊天消息，发送者: t，内容: [A
[2025-10-23 23:39:58] [DEBUG] [PID:99239] 开始广播消息，发送者fd=6，消息内容: [A
[2025-10-23 23:39:58] [DEBUG] [PID:99239] 向客户端fd=7发送消息
[2025-10-23 23:39:58] [DEBUG] [PID:99239] 消息广播完成
[2025-10-23 23:39:58] [DEBUG] [PID:99239] 广播聊天消息，发送者: t，内容: [A
[2025-10-23 23:39:58] [DEBUG] [PID:99239] 开始广播消息，发送者fd=6，消息内容: [A
[2025-10-23 23:39:58] [DEBUG] [PID:99239] 向客户端fd=7发送消息
[2025-10-23 23:39:58] [DEBUG] [PID:99239] 消息广播完成
[2025-10-23 23:39:59] [DEBUG] [PID:99239] 广播聊天消息，发送者: t，内容: [A
[2025-10-23 23:39:59] [DEBUG] [PID:99239] 开始广播消息，发送者fd=6，消息内容: [A
[2025-10-23 23:39:59] [DEBUG] [PID:99239] 向客户端fd=7发送消息
[2025-10-23 23:39:59] [DEBUG] [PID:99239] 消息广播完成
[2025-10-23 23:39:59] [DEBUG] [PID:99239] 广播聊天消息，发送者: t，内容: [A
[2025-10-23 23:39:59] [DEBUG] [PID:99239] 开始广播消息，发送者fd=6，消息内容: [A
[2025-10-23 23:39:59] [DEBUG] [PID:99239] 向客户端fd=7发送消息
[2025-10-23 23:39:59] [DEBUG] [PID:99239] 消息广播完成
[2025-10-23 23:39:59] [DEBUG] [PID:99239] 广播聊天消息，发送者: t，内容: [A
[2025-10-23 23:39:59] [DEBUG] [PID:99239] 开始广播消息，发送者fd=6，消息内容: [A
[2025-10-23 23:39:59] [DEBUG] [PID:99239] 向客户端fd=7发送消息
[2025-10-23 23:39:59] [DEBUG] [PID:99239] 消息广播完成
[2025-10-23 23:39:59] [DEBUG] [PID:99239] 广播聊天消息，发送者: t，内容: [A[A
[2025-10-23 23:39:59] [DEBUG] [PID:99239] 开始广播消息，发送者fd=6，消息内容: [A[A
[2025-10-23 23:39:59] [DEBUG] [PID:99239] 向客户端fd=7发送消息
[2025-10-23 23:39:59] [DEBUG] [PID:99239] 消息广播完成
[2025-10-23 23:39:59] [DEBUG] [PID:99239] 广播聊天消息，发送者: t，内容: [A
[2025-10-23 23:39:59] [DEBUG] [PID:99239] 开始广播消息，发送者fd=6，消息内容: [A
[2025-10-23 23:39:59] [DEBUG] [PID:99239] 向客户端fd=7发送消息
[2025-10-23 23:39:59] [DEBUG] [PID:99239] 消息广播完成
[2025-10-23 23:39:59] [DEBUG] [PID:99239] 广播聊天消息，发送者: t，内容: [A
[2025-10-23 23:39:59] [DEBUG] [PID:99239] 开始广播消息，发送者fd=6，消息内容: [A
[2025-10-23 23:39:59] [DEBUG] [PID:99239] 向客户端fd=7发送消息
[2025-10-23 23:39:59] [DEBUG] [PID:99239] 消息广播完成
[2025-10-23 23:40:00] [DEBUG] [PID:99239] 广播聊天消息，发送者: t，内容: [A
[2025-10-23 23:40:00] [DEBUG] [PID:99239] 开始广播消息，发送者fd=6，消息内容: [A
[2025-10-23 23:40:00] [DEBUG] [PID:99239] 向客户端fd=7发送消息
[2025-10-23 23:40:00] [DEBUG] [PID:99239] 消息广播完成
[2025-10-23 23:40:00] [DEBUG] [PID:99239] 广播聊天消息，发送者: t，内容: [A
[2025-10-23 23:40:00] [DEBUG] [PID:99239] 开始广播消息，发送者fd=6，消息内容: [A
[2025-10-23 23:40:00] [DEBUG] [PID:99239] 向客户端fd=7发送消息
[2025-10-23 23:40:00] [DEBUG] [PID:99239] 消息广播完成
[2025-10-23 23:40:00] [DEBUG] [PID:99239] 广播聊天消息，发送者: t，内容: [A
[2025-10-23 23:40:00] [DEBUG] [PID:99239] 开始广播消息，发送者fd=6，消息内容: [A
[2025-10-23 23:40:00] [DEBUG] [PID:99239] 向客户端fd=7发送消息
[2025-10-23 23:40:00] [DEBUG] [PID:99239] 消息广播完成
[2025-10-23 23:40:00] [DEBUG] [PID:99239] 广播聊天消息，发送者: t，内容: [A
[2025-10-23 23:40:00] [DEBUG] [PID:99239] 开始广播消息，发送者fd=6，消息内容: [A
[2025-10-23 23:40:00] [DEBUG] [PID:99239] 向客户端fd=7发送消息
[2025-10-23 23:40:00] [DEBUG] [PID:99239] 消息广播完成
[2025-10-23 23:40:00] [DEBUG] [PID:99239] 广播聊天消息，发送者: t，内容: [A
[2025-10-23 23:40:00] [DEBUG] [PID:99239] 开始广播消息，发送者fd=6，消息内容: [A
[2025-10-23 23:40:00] [DEBUG] [PID:99239] 向客户端fd=7发送消息
[2025-10-23 23:40:00] [DEBUG] [PID:99239] 消息广播完成
[2025-10-23 23:40:00] [DEBUG] [PID:99239] 广播聊天消息，发送者: t，内容: [A
[2025-10-23 23:40:00] [DEBUG] [PID:99239] 开始广播消息，发送者fd=6，消息内容: [A
[2025-10-23 23:40:00] [DEBUG] [PID:99239] 向客户端fd=7发送消息
[2025-10-23 23:40:00] [DEBUG] [PID:99239] 消息广播完成
[2025-10-23 23:40:01] [DEBUG] [PID:99239] 广播聊天消息，发送者: t，内容: [A
[2025-10-23 23:40:01] [DEBUG] [PID:99239] 开始广播消息，发送者fd=6，消息内容: [A
[2025-10-23 23:40:01] [DEBUG] [PID:99239] 向客户端fd=7发送消息
[2025-10-23 23:40:01] [DEBUG] [PID:99239] 消息广播完成
[2025-10-23 23:40:01] [DEBUG] [PID:99239] 广播聊天消息，发送者: t，内容: [A
[2025-10-23 23:40:01] [DEBUG] [PID:99239] 开始广播消息，发送者fd=6，消息内容: [A
[2025-10-23 23:40:01] [DEBUG] [PID:99239] 向客户端fd=7发送消息
[2025-10-23 23:40:01] [DEBUG] [PID:99239] 消息广播完成
[2025-10-23 23:40:01] [DEBUG] [PID:99239] 广播聊天消息，发送者: t，内容: [A
[2025-10-23 23:40:01] [DEBUG] [PID:99239] 开始广播消息，发送者fd=6，消息内容: [A
[2025-10-23 23:40:01] [DEBUG] [PID:99239] 向客户端fd=7发送消息
[2025-10-23 23:40:01] [DEBUG] [PID:99239] 消息广播完成
[2025-10-23 23:40:01] [DEBUG] [PID:99239] 广播聊天消息，发送者: t，内容: [A
[2025-10-23 23:40:01] [DEBUG] [PID:99239] 开始广播消息，发送者fd=6，消息内容: [A
[2025-10-23 23:40:01] [DEBUG] [PID:99239] 向客户端fd=7发送消息
[2025-10-23 23:40:01] [DEBUG] [PID:99239] 消息广播完成
[2025-10-23 23:40:01] [DEBUG] [PID:99239] 广播聊天消息，发送者: t，内容: [A
[2025-10-23 23:40:01] [DEBUG] [PID:99239] 开始广播消息，发送者fd=6，消息内容: [A
[2025-10-23 23:40:01] [DEBUG] [PID:99239] 向客户端fd=7发送消息
[2025-10-23 23:40:01] [DEBUG] [PID:99239] 消息广播完成
[2025-10-23 23:40:01] [DEBUG] [PID:99239] 广播聊天消息，发送者: t，内容: [A
[2025-10-23 23:40:01] [DEBUG] [PID:99239] 开始广播消息，发送者fd=6，消息内容: [A
[2025-10-23 23:40:01] [DEBUG] [PID:99239] 向客户端fd=7发送消息
[2025-10-23 23:40:01] [DEBUG] [PID:99239] 消息广播完成
[2025-10-23 23:40:01] [DEBUG] [PID:99239] 广播聊天消息，发送者: t，内容: [A
[2025-10-23 23:40:01] [DEBUG] [PID:99239] 开始广播消息，发送者fd=6，消息内容: [A
[2025-10-23 23:40:01] [DEBUG] [PID:99239] 向客户端fd=7发送消息
[2025-10-23 23:40:01] [DEBUG] [PID:99239] 消息广播完成
[2025-10-23 23:40:02] [DEBUG] [PID:99239] 广播聊天消息，发送者: t，内容: [A
[2025-10-23 23:40:02] [DEBUG] [PID:99239] 开始广播消息，发送者fd=6，消息内容: [A
[2025-10-23 23:40:02] [DEBUG] [PID:99239] 向客户端fd=7发送消息
[2025-10-23 23:40:02] [DEBUG] [PID:99239] 消息广播完成
[2025-10-23 23:40:02] [DEBUG] [PID:99239] 广播聊天消息，发送者: t，内容: [A
[2025-10-23 23:40:02] [DEBUG] [PID:99239] 开始广播消息，发送者fd=6，消息内容: [A
[2025-10-23 23:40:02] [DEBUG] [PID:99239] 向客户端fd=7发送消息
[2025-10-23 23:40:02] [DEBUG] [PID:99239] 消息广播完成
[2025-10-23 23:40:02] [DEBUG] [PID:99239] 广播聊天消息，发送者: t，内容: [A
[2025-10-23 23:40:02] [DEBUG] [PID:99239] 开始广播消息，发送者fd=6，消息内容: [A
[2025-10-23 23:40:02] [DEBUG] [PID:99239] 向客户端fd=7发送消息
[2025-10-23 23:40:02] [DEBUG] [PID:99239] 消息广播完成
[2025-10-23 23:40:02] [DEBUG] [PID:99239] 广播聊天消息，发送者: t，内容: [A
[2025-10-23 23:40:02] [DEBUG] [PID:99239] 开始广播消息，发送者fd=6，消息内容: [A
[2025-10-23 23:40:02] [DEBUG] [PID:99239] 向客户端fd=7发送消息
[2025-10-23 23:40:02] [DEBUG] [PID:99239] 消息广播完成
[2025-10-23 23:40:02] [DEBUG] [PID:99239] 广播聊天消息，发送者: t，内容: [A
[2025-10-23 23:40:02] [DEBUG] [PID:99239] 开始广播消息，发送者fd=6，消息内容: [A
[2025-10-23 23:40:02] [DEBUG] [PID:99239] 向客户端fd=7发送消息
[2025-10-23 23:40:02] [DEBUG] [PID:99239] 消息广播完成
[2025-10-23 23:40:02] [DEBUG] [PID:99239] 广播聊天消息，发送者: t，内容: [A
[2025-10-23 23:40:02] [DEBUG] [PID:99239] 开始广播消息，发送者fd=6，消息内容: [A
[2025-10-23 23:40:02] [DEBUG] [PID:99239] 向客户端fd=7发送消息
[2025-10-23 23:40:02] [DEBUG] [PID:99239] 消息广播完成
[2025-10-23 23:40:03] [DEBUG] [PID:99239] 广播聊天消息，发送者: t，内容: [A
[2025-10-23 23:40:03] [DEBUG] [PID:99239] 开始广播消息，发送者fd=6，消息内容: [A
[2025-10-23 23:40:03] [DEBUG] [PID:99239] 向客户端fd=7发送消息
[2025-10-23 23:40:03] [DEBUG] [PID:99239] 消息广播完成
[2025-10-23 23:40:03] [DEBUG] [PID:99239] 广播聊天消息，发送者: t，内容: [A
[2025-10-23 23:40:03] [DEBUG] [PID:99239] 开始广播消息，发送者fd=6，消息内容: [A
[2025-10-23 23:40:03] [DEBUG] [PID:99239] 向客户端fd=7发送消息
[2025-10-23 23:40:03] [DEBUG] [PID:99239] 消息广播完成
[2025-10-23 23:40:03] [DEBUG] [PID:99239] 广播聊天消息，发送者: t，内容: [A
[2025-10-23 23:40:03] [DEBUG] [PID:99239] 开始广播消息，发送者fd=6，消息内容: [A
[2025-10-23 23:40:03] [DEBUG] [PID:99239] 向客户端fd=7发送消息
[2025-10-23 23:40:03] [DEBUG] [PID:99239] 消息广播完成
[2025-10-23 23:40:03] [DEBUG] [PID:99239] 广播聊天消息，发送者: t，内容: [A
[2025-10-23 23:40:03] [DEBUG] [PID:99239] 开始广播消息，发送者fd=6，消息内容: [A
[2025-10-23 23:40:03] [DEBUG] [PID:99239] 向客户端fd=7发送消息
[2025-10-23 23:40:03] [DEBUG] [PID:99239] 消息广播完成
[2025-10-23 23:40:03] [DEBUG] [PID:99239] 广播聊天消息，发送者: t，内容: [A
[2025-10-23 23:40:03] [DEBUG] [PID:99239] 开始广播消息，发送者fd=6，消息内容: [A
[2025-10-23 23:40:03] [DEBUG] [PID:99239] 向客户端fd=7发送消息
[2025-10-23 23:40:03] [DEBUG] [PID:99239] 消息广播完成
[2025-10-23 23:40:04] [DEBUG] [PID:99239] 广播聊天消息，发送者: t，内容: [A
[2025-10-23 23:40:04] [DEBUG] [PID:99239] 开始广播消息，发送者fd=6，消息内容: [A
[2025-10-23 23:40:04] [DEBUG] [PID:99239] 向客户端fd=7发送消息
[2025-10-23 23:40:04] [DEBUG] [PID:99239] 消息广播完成
[2025-10-23 23:40:04] [DEBUG] [PID:99239] 广播聊天消息，发送者: t，内容: [A
[2025-10-23 23:40:04] [DEBUG] [PID:99239] 开始广播消息，发送者fd=6，消息内容: [A
[2025-10-23 23:40:04] [DEBUG] [PID:99239] 向客户端fd=7发送消息
[2025-10-23 23:40:04] [DEBUG] [PID:99239] 消息广播完成
[2025-10-23 23:40:04] [DEBUG] [PID:99239] 广播聊天消息，发送者: t，内容: [A
[2025-10-23 23:40:04] [DEBUG] [PID:99239] 开始广播消息，发送者fd=6，消息内容: [A
[2025-10-23 23:40:04] [DEBUG] [PID:99239] 向客户端fd=7发送消息
[2025-10-23 23:40:04] [DEBUG] [PID:99239] 消息广播完成
[2025-10-23 23:40:04] [DEBUG] [PID:99239] 广播聊天消息，发送者: t，内容: [A
[2025-10-23 23:40:04] [DEBUG] [PID:99239] 开始广播消息，发送者fd=6，消息内容: [A
[2025-10-23 23:40:04] [DEBUG] [PID:99239] 向客户端fd=7发送消息
[2025-10-23 23:40:04] [DEBUG] [PID:99239] 消息广播完成
[2025-10-23 23:40:05] [DEBUG] [PID:99239] 广播聊天消息，发送者: t，内容: [A
[2025-10-23 23:40:05] [DEBUG] [PID:99239] 开始广播消息，发送者fd=6，消息内容: [A
[2025-10-23 23:40:05] [DEBUG] [PID:99239] 向客户端fd=7发送消息
[2025-10-23 23:40:05] [DEBUG] [PID:99239] 消息广播完成
[2025-10-23 23:40:05] [DEBUG] [PID:99239] 广播聊天消息，发送者: t，内容: [A
[2025-10-23 23:40:05] [DEBUG] [PID:99239] 开始广播消息，发送者fd=6，消息内容: [A
[2025-10-23 23:40:05] [DEBUG] [PID:99239] 向客户端fd=7发送消息
[2025-10-23 23:40:05] [DEBUG] [PID:99239] 消息广播完成
[2025-10-23 23:40:05] [DEBUG] [PID:99239] 广播聊天消息，发送者: t，内容: [A
[2025-10-23 23:40:05] [DEBUG] [PID:99239] 开始广播消息，发送者fd=6，消息内容: [A
[2025-10-23 23:40:05] [DEBUG] [PID:99239] 向客户端fd=7发送消息
[2025-10-23 23:40:05] [DEBUG] [PID:99239] 消息广播完成
[2025-10-23 23:40:05] [DEBUG] [PID:99239] 广播聊天消息，发送者: t，内容: [A
[2025-10-23 23:40:05] [DEBUG] [PID:99239] 开始广播消息，发送者fd=6，消息内容: [A
[2025-10-23 23:40:05] [DEBUG] [PID:99239] 向客户端fd=7发送消息
[2025-10-23 23:40:05] [DEBUG] [PID:99239] 消息广播完成
[2025-10-23 23:40:05] [DEBUG] [PID:99239] 广播聊天消息，发送者: t，内容: [A
[2025-10-23 23:40:05] [DEBUG] [PID:99239] 开始广播消息，发送者fd=6，消息内容: [A
[2025-10-23 23:40:05] [DEBUG] [PID:99239] 向客户端fd=7发送消息
[2025-10-23 23:40:05] [DEBUG] [PID:99239] 消息广播完成
[2025-10-23 23:40:06] [DEBUG] [PID:99239] 广播聊天消息，发送者: t，内容: [A
[2025-10-23 23:40:06] [DEBUG] [PID:99239] 开始广播消息，发送者fd=6，消息内容: [A
[2025-10-23 23:40:06] [DEBUG] [PID:99239] 向客户端fd=7发送消息
[2025-10-23 23:40:06] [DEBUG] [PID:99239] 消息广播完成
[2025-10-23 23:40:06] [DEBUG] [PID:99239] 广播聊天消息，发送者: t，内容: [A
[2025-10-23 23:40:06] [DEBUG] [PID:99239] 开始广播消息，发送者fd=6，消息内容: [A
[2025-10-23 23:40:06] [DEBUG] [PID:99239] 向客户端fd=7发送消息
[2025-10-23 23:40:06] [DEBUG] [PID:99239] 消息广播完成
[2025-10-23 23:40:06] [DEBUG] [PID:99239] 广播聊天消息，发送者: t，内容: [A
[2025-10-23 23:40:06] [DEBUG] [PID:99239] 开始广播消息，发送者fd=6，消息内容: [A
[2025-10-23 23:40:06] [DEBUG] [PID:99239] 向客户端fd=7发送消息
[2025-10-23 23:40:06] [DEBUG] [PID:99239] 消息广播完成
[2025-10-23 23:40:06] [DEBUG] [PID:99239] 广播聊天消息，发送者: t，内容: [A
[2025-10-23 23:40:06] [DEBUG] [PID:99239] 开始广播消息，发送者fd=6，消息内容: [A
[2025-10-23 23:40:06] [DEBUG] [PID:99239] 向客户端fd=7发送消息
[2025-10-23 23:40:06] [DEBUG] [PID:99239] 消息广播完成
[2025-10-23 23:40:06] [DEBUG] [PID:99239] 广播聊天消息，发送者: t，内容: [A
[2025-10-23 23:40:06] [DEBUG] [PID:99239] 开始广播消息，发送者fd=6，消息内容: [A
[2025-10-23 23:40:06] [DEBUG] [PID:99239] 向客户端fd=7发送消息
[2025-10-23 23:40:06] [DEBUG] [PID:99239] 消息广播完成
[2025-10-23 23:40:07] [DEBUG] [PID:99239] 广播聊天消息，发送者: t，内容: [A
[2025-10-23 23:40:07] [DEBUG] [PID:99239] 开始广播消息，发送者fd=6，消息内容: [A
[2025-10-23 23:40:07] [DEBUG] [PID:99239] 向客户端fd=7发送消息
[2025-10-23 23:40:07] [DEBUG] [PID:99239] 消息广播完成
[2025-10-23 23:40:07] [DEBUG] [PID:99239] 广播聊天消息，发送者: t，内容: [A
[2025-10-23 23:40:07] [DEBUG] [PID:99239] 开始广播消息，发送者fd=6，消息内容: [A
[2025-10-23 23:40:07] [DEBUG] [PID:99239] 向客户端fd=7发送消息
[2025-10-23 23:40:07] [DEBUG] [PID:99239] 消息广播完成
[2025-10-23 23:40:07] [DEBUG] [PID:99239] 广播聊天消息，发送者: t，内容: [A
[2025-10-23 23:40:07] [DEBUG] [PID:99239] 开始广播消息，发送者fd=6，消息内容: [A
[2025-10-23 23:40:07] [DEBUG] [PID:99239] 向客户端fd=7发送消息
[2025-10-23 23:40:07] [DEBUG] [PID:99239] 消息广播完成
[2025-10-23 23:40:07] [DEBUG] [PID:99239] 广播聊天消息，发送者: t，内容: [A
[2025-10-23 23:40:07] [DEBUG] [PID:99239] 开始广播消息，发送者fd=6，消息内容: [A
[2025-10-23 23:40:07] [DEBUG] [PID:99239] 向客户端fd=7发送消息
[2025-10-23 23:40:07] [DEBUG] [PID:99239] 消息广播完成
[2025-10-23 23:40:07] [DEBUG] [PID:99239] 广播聊天消息，发送者: t，内容: [A
[2025-10-23 23:40:07] [DEBUG] [PID:99239] 开始广播消息，发送者fd=6，消息内容: [A
[2025-10-23 23:40:07] [DEBUG] [PID:99239] 向客户端fd=7发送消息
[2025-10-23 23:40:07] [DEBUG] [PID:99239] 消息广播完成
[2025-10-23 23:40:07] [DEBUG] [PID:99239] 广播聊天消息，发送者: t，内容: [A
[2025-10-23 23:40:07] [DEBUG] [PID:99239] 开始广播消息，发送者fd=6，消息内容: [A
[2025-10-23 23:40:07] [DEBUG] [PID:99239] 向客户端fd=7发送消息
[2025-10-23 23:40:07] [DEBUG] [PID:99239] 消息广播完成
[2025-10-23 23:40:07] [DEBUG] [PID:99239] 广播聊天消息，发送者: t，内容: [A
[2025-10-23 23:40:07] [DEBUG] [PID:99239] 开始广播消息，发送者fd=6，消息内容: [A
[2025-10-23 23:40:07] [DEBUG] [PID:99239] 向客户端fd=7发送消息
[2025-10-23 23:40:07] [DEBUG] [PID:99239] 消息广播完成
[2025-10-23 23:40:08] [DEBUG] [PID:99239] 广播聊天消息，发送者: t，内容: [A
[2025-10-23 23:40:08] [DEBUG] [PID:99239] 开始广播消息，发送者fd=6，消息内容: [A
[2025-10-23 23:40:08] [DEBUG] [PID:99239] 向客户端fd=7发送消息
[2025-10-23 23:40:08] [DEBUG] [PID:99239] 消息广播完成
[2025-10-23 23:40:08] [DEBUG] [PID:99239] 广播聊天消息，发送者: t，内容: [A
[2025-10-23 23:40:08] [DEBUG] [PID:99239] 开始广播消息，发送者fd=6，消息内容: [A
[2025-10-23 23:40:08] [DEBUG] [PID:99239] 向客户端fd=7发送消息
[2025-10-23 23:40:08] [DEBUG] [PID:99239] 消息广播完成
[2025-10-23 23:40:08] [DEBUG] [PID:99239] 广播聊天消息，发送者: t，内容: [A
[2025-10-23 23:40:08] [DEBUG] [PID:99239] 开始广播消息，发送者fd=6，消息内容: [A
[2025-10-23 23:40:08] [DEBUG] [PID:99239] 向客户端fd=7发送消息
[2025-10-23 23:40:08] [DEBUG] [PID:99239] 消息广播完成
[2025-10-23 23:40:08] [DEBUG] [PID:99239] 广播聊天消息，发送者: t，内容: [A
[2025-10-23 23:40:08] [DEBUG] [PID:99239] 开始广播消息，发送者fd=6，消息内容: [A
[2025-10-23 23:40:08] [DEBUG] [PID:99239] 向客户端fd=7发送消息
[2025-10-23 23:40:08] [DEBUG] [PID:99239] 消息广播完成
[2025-10-23 23:40:08] [DEBUG] [PID:99239] 广播聊天消息，发送者: t，内容: [A
[2025-10-23 23:40:08] [DEBUG] [PID:99239] 开始广播消息，发送者fd=6，消息内容: [A
[2025-10-23 23:40:08] [DEBUG] [PID:99239] 向客户端fd=7发送消息
[2025-10-23 23:40:08] [DEBUG] [PID:99239] 消息广播完成
[2025-10-23 23:40:08] [DEBUG] [PID:99239] 广播聊天消息，发送者: t，内容: [A
[2025-10-23 23:40:08] [DEBUG] [PID:99239] 开始广播消息，发送者fd=6，消息内容: [A
[2025-10-23 23:40:08] [DEBUG] [PID:99239] 向客户端fd=7发送消息
[2025-10-23 23:40:08] [DEBUG] [PID:99239] 消息广播完成
[2025-10-23 23:40:09] [DEBUG] [PID:99239] 广播聊天消息，发送者: t，内容: [A
[2025-10-23 23:40:09] [DEBUG] [PID:99239] 开始广播消息，发送者fd=6，消息内容: [A
[2025-10-23 23:40:09] [DEBUG] [PID:99239] 向客户端fd=7发送消息
[2025-10-23 23:40:09] [DEBUG] [PID:99239] 消息广播完成
[2025-10-23 23:40:09] [DEBUG] [PID:99239] 广播聊天消息，发送者: t，内容: [A[A[A
[2025-10-23 23:40:09] [DEBUG] [PID:99239] 开始广播消息，发送者fd=6，消息内容: [A[A[A
[2025-10-23 23:40:09] [DEBUG] [PID:99239] 向客户端fd=7发送消息
[2025-10-23 23:40:09] [DEBUG] [PID:99239] 消息广播完成
[2025-10-23 23:40:10] [DEBUG] [PID:99239] 广播聊天消息，发送者: t，内容: [A[A[A[A[A[A
[2025-10-23 23:40:10] [DEBUG] [PID:99239] 开始广播消息，发送者fd=6，消息内容: [A[A[A[A[A[A
[2025-10-23 23:40:10] [DEBUG] [PID:99239] 向客户端fd=7发送消息
[2025-10-23 23:40:10] [DEBUG] [PID:99239] 消息广播完成
[2025-10-23 23:40:10] [DEBUG] [PID:99239] 广播聊天消息，发送者: t，内容: [A
[2025-10-23 23:40:10] [DEBUG] [PID:99239] 开始广播消息，发送者fd=6，消息内容: [A
[2025-10-23 23:40:10] [DEBUG] [PID:99239] 向客户端fd=7发送消息
[2025-10-23 23:40:10] [DEBUG] [PID:99239] 消息广播完成
[2025-10-23 23:40:10] [DEBUG] [PID:99239] 广播聊天消息，发送者: t，内容: [A
[2025-10-23 23:40:10] [DEBUG] [PID:99239] 开始广播消息，发送者fd=6，消息内容: [A
[2025-10-23 23:40:10] [DEBUG] [PID:99239] 向客户端fd=7发送消息
[2025-10-23 23:40:10] [DEBUG] [PID:99239] 消息广播完成
[2025-10-23 23:40:10] [DEBUG] [PID:99239] 广播聊天消息，发送者: t，内容: [A
[2025-10-23 23:40:10] [DEBUG] [PID:99239] 开始广播消息，发送者fd=6，消息内容: [A
[2025-10-23 23:40:10] [DEBUG] [PID:99239] 向客户端fd=7发送消息
[2025-10-23 23:40:10] [DEBUG] [PID:99239] 消息广播完成
[2025-10-23 23:40:11] [DEBUG] [PID:99239] 广播聊天消息，发送者: t，内容: [A
[2025-10-23 23:40:11] [DEBUG] [PID:99239] 开始广播消息，发送者fd=6，消息内容: [A
[2025-10-23 23:40:11] [DEBUG] [PID:99239] 向客户端fd=7发送消息
[2025-10-23 23:40:11] [DEBUG] [PID:99239] 消息广播完成
[2025-10-23 23:40:11] [DEBUG] [PID:99239] 广播聊天消息，发送者: t，内容: [A
[2025-10-23 23:40:11] [DEBUG] [PID:99239] 开始广播消息，发送者fd=6，消息内容: [A
[2025-10-23 23:40:11] [DEBUG] [PID:99239] 向客户端fd=7发送消息
[2025-10-23 23:40:11] [DEBUG] [PID:99239] 消息广播完成
[2025-10-23 23:40:11] [DEBUG] [PID:99239] 广播聊天消息，发送者: t，内容: [A
[2025-10-23 23:40:11] [DEBUG] [PID:99239] 开始广播消息，发送者fd=6，消息内容: [A
[2025-10-23 23:40:11] [DEBUG] [PID:99239] 向客户端fd=7发送消息
[2025-10-23 23:40:11] [DEBUG] [PID:99239] 消息广播完成
[2025-10-23 23:40:11] [DEBUG] [PID:99239] 广播聊天消息，发送者: t，内容: [A
[2025-10-23 23:40:11] [DEBUG] [PID:99239] 开始广播消息，发送者fd=6，消息内容: [A
[2025-10-23 23:40:11] [DEBUG] [PID:99239] 向客户端fd=7发送消息
[2025-10-23 23:40:11] [DEBUG] [PID:99239] 消息广播完成
[2025-10-23 23:40:12] [DEBUG] [PID:99239] 广播聊天消息，发送者: t，内容: [A
[2025-10-23 23:40:12] [DEBUG] [PID:99239] 开始广播消息，发送者fd=6，消息内容: [A
[2025-10-23 23:40:12] [DEBUG] [PID:99239] 向客户端fd=7发送消息
[2025-10-23 23:40:12] [DEBUG] [PID:99239] 消息广播完成
[2025-10-23 23:40:12] [DEBUG] [PID:99239] 广播聊天消息，发送者: t，内容: [A[A
[2025-10-23 23:40:12] [DEBUG] [PID:99239] 开始广播消息，发送者fd=6，消息内容: [A[A
[2025-10-23 23:40:12] [DEBUG] [PID:99239] 向客户端fd=7发送消息
[2025-10-23 23:40:12] [DEBUG] [PID:99239] 消息广播完成
[2025-10-23 23:40:12] [DEBUG] [PID:99239] 广播聊天消息，发送者: t，内容: [A
[2025-10-23 23:40:12] [DEBUG] [PID:99239] 开始广播消息，发送者fd=6，消息内容: [A
[2025-10-23 23:40:12] [DEBUG] [PID:99239] 向客户端fd=7发送消息
[2025-10-23 23:40:12] [DEBUG] [PID:99239] 消息广播完成
[2025-10-23 23:40:12] [DEBUG] [PID:99239] 广播聊天消息，发送者: t，内容: [A
[2025-10-23 23:40:12] [DEBUG] [PID:99239] 开始广播消息，发送者fd=6，消息内容: [A
[2025-10-23 23:40:12] [DEBUG] [PID:99239] 向客户端fd=7发送消息
[2025-10-23 23:40:12] [DEBUG] [PID:99239] 消息广播完成
[2025-10-23 23:40:12] [DEBUG] [PID:99239] 广播聊天消息，发送者: t，内容: [A
[2025-10-23 23:40:12] [DEBUG] [PID:99239] 开始广播消息，发送者fd=6，消息内容: [A
[2025-10-23 23:40:12] [DEBUG] [PID:99239] 向客户端fd=7发送消息
[2025-10-23 23:40:12] [DEBUG] [PID:99239] 消息广播完成
[2025-10-23 23:40:12] [DEBUG] [PID:99239] 广播聊天消息，发送者: t，内容: [A
[2025-10-23 23:40:12] [DEBUG] [PID:99239] 开始广播消息，发送者fd=6，消息内容: [A
[2025-10-23 23:40:12] [DEBUG] [PID:99239] 向客户端fd=7发送消息
[2025-10-23 23:40:12] [DEBUG] [PID:99239] 消息广播完成
[2025-10-23 23:40:13] [DEBUG] [PID:99239] 广播聊天消息，发送者: t，内容: [A
[2025-10-23 23:40:13] [DEBUG] [PID:99239] 开始广播消息，发送者fd=6，消息内容: [A
[2025-10-23 23:40:13] [DEBUG] [PID:99239] 向客户端fd=7发送消息
[2025-10-23 23:40:13] [DEBUG] [PID:99239] 消息广播完成
[2025-10-23 23:40:13] [DEBUG] [PID:99239] 广播聊天消息，发送者: t，内容: [A
[2025-10-23 23:40:13] [DEBUG] [PID:99239] 开始广播消息，发送者fd=6，消息内容: [A
[2025-10-23 23:40:13] [DEBUG] [PID:99239] 向客户端fd=7发送消息
[2025-10-23 23:40:13] [DEBUG] [PID:99239] 消息广播完成
[2025-10-23 23:40:13] [DEBUG] [PID:99239] 广播聊天消息，发送者: t，内容: [A[A
[2025-10-23 23:40:13] [DEBUG] [PID:99239] 开始广播消息，发送者fd=6，消息内容: [A[A
[2025-10-23 23:40:13] [DEBUG] [PID:99239] 向客户端fd=7发送消息
[2025-10-23 23:40:13] [DEBUG] [PID:99239] 消息广播完成
[2025-10-23 23:40:13] [DEBUG] [PID:99239] 广播聊天消息，发送者: t，内容: [A
[2025-10-23 23:40:13] [DEBUG] [PID:99239] 开始广播消息，发送者fd=6，消息内容: [A
[2025-10-23 23:40:13] [DEBUG] [PID:99239] 向客户端fd=7发送消息
[2025-10-23 23:40:13] [DEBUG] [PID:99239] 消息广播完成
[2025-10-23 23:40:13] [DEBUG] [PID:99239] 广播聊天消息，发送者: t，内容: [A[A[A[A
[2025-10-23 23:40:13] [DEBUG] [PID:99239] 开始广播消息，发送者fd=6，消息内容: [A[A[A[A
[2025-10-23 23:40:13] [DEBUG] [PID:99239] 向客户端fd=7发送消息
[2025-10-23 23:40:13] [DEBUG] [PID:99239] 消息广播完成
[2025-10-23 23:40:13] [DEBUG] [PID:99239] 广播聊天消息，发送者: t，内容: [A
[2025-10-23 23:40:13] [DEBUG] [PID:99239] 开始广播消息，发送者fd=6，消息内容: [A
[2025-10-23 23:40:13] [DEBUG] [PID:99239] 向客户端fd=7发送消息
[2025-10-23 23:40:13] [DEBUG] [PID:99239] 消息广播完成
[2025-10-23 23:40:13] [DEBUG] [PID:99239] 广播聊天消息，发送者: t，内容: [A
[2025-10-23 23:40:13] [DEBUG] [PID:99239] 开始广播消息，发送者fd=6，消息内容: [A
[2025-10-23 23:40:13] [DEBUG] [PID:99239] 向客户端fd=7发送消息
[2025-10-23 23:40:13] [DEBUG] [PID:99239] 消息广播完成
[2025-10-23 23:40:14] [DEBUG] [PID:99239] 广播聊天消息，发送者: t，内容: [A
[2025-10-23 23:40:14] [DEBUG] [PID:99239] 开始广播消息，发送者fd=6，消息内容: [A
[2025-10-23 23:40:14] [DEBUG] [PID:99239] 向客户端fd=7发送消息
[2025-10-23 23:40:14] [DEBUG] [PID:99239] 消息广播完成
[2025-10-23 23:40:14] [DEBUG] [PID:99239] 广播聊天消息，发送者: t，内容: [A
[2025-10-23 23:40:14] [DEBUG] [PID:99239] 开始广播消息，发送者fd=6，消息内容: [A
[2025-10-23 23:40:14] [DEBUG] [PID:99239] 向客户端fd=7发送消息
[2025-10-23 23:40:14] [DEBUG] [PID:99239] 消息广播完成
[2025-10-23 23:40:14] [DEBUG] [PID:99239] 广播聊天消息，发送者: t，内容: [A
[2025-10-23 23:40:14] [DEBUG] [PID:99239] 开始广播消息，发送者fd=6，消息内容: [A
[2025-10-23 23:40:14] [DEBUG] [PID:99239] 向客户端fd=7发送消息
[2025-10-23 23:40:14] [DEBUG] [PID:99239] 消息广播完成
[2025-10-23 23:40:14] [DEBUG] [PID:99239] 广播聊天消息，发送者: t，内容: [A[A
[2025-10-23 23:40:14] [DEBUG] [PID:99239] 开始广播消息，发送者fd=6，消息内容: [A[A
[2025-10-23 23:40:14] [DEBUG] [PID:99239] 向客户端fd=7发送消息
[2025-10-23 23:40:14] [DEBUG] [PID:99239] 消息广播完成
[2025-10-23 23:40:14] [DEBUG] [PID:99239] 广播聊天消息，发送者: t，内容: [A
[2025-10-23 23:40:14] [DEBUG] [PID:99239] 开始广播消息，发送者fd=6，消息内容: [A
[2025-10-23 23:40:14] [DEBUG] [PID:99239] 向客户端fd=7发送消息
[2025-10-23 23:40:14] [DEBUG] [PID:99239] 消息广播完成
[2025-10-23 23:40:14] [DEBUG] [PID:99239] 广播聊天消息，发送者: t，内容: [A
[2025-10-23 23:40:14] [DEBUG] [PID:99239] 开始广播消息，发送者fd=6，消息内容: [A
[2025-10-23 23:40:14] [DEBUG] [PID:99239] 向客户端fd=7发送消息
[2025-10-23 23:40:14] [DEBUG] [PID:99239] 消息广播完成
[2025-10-23 23:40:14] [DEBUG] [PID:99239] 广播聊天消息，发送者: t，内容: [A
[2025-10-23 23:40:14] [DEBUG] [PID:99239] 开始广播消息，发送者fd=6，消息内容: [A
[2025-10-23 23:40:14] [DEBUG] [PID:99239] 向客户端fd=7发送消息
[2025-10-23 23:40:14] [DEBUG] [PID:99239] 消息广播完成
[2025-10-23 23:40:14] [DEBUG] [PID:99239] 广播聊天消息，发送者: t，内容: [A
[2025-10-23 23:40:14] [DEBUG] [PID:99239] 开始广播消息，发送者fd=6，消息内容: [A
[2025-10-23 23:40:14] [DEBUG] [PID:99239] 向客户端fd=7发送消息
[2025-10-23 23:40:14] [DEBUG] [PID:99239] 消息广播完成
[2025-10-23 23:40:14] [DEBUG] [PID:99239] 广播聊天消息，发送者: t，内容: [A[A[A
[2025-10-23 23:40:14] [DEBUG] [PID:99239] 开始广播消息，发送者fd=6，消息内容: [A[A[A
[2025-10-23 23:40:14] [DEBUG] [PID:99239] 向客户端fd=7发送消息
[2025-10-23 23:40:14] [DEBUG] [PID:99239] 消息广播完成
[2025-10-23 23:40:15] [DEBUG] [PID:99239] 广播聊天消息，发送者: t，内容: [A
[2025-10-23 23:40:15] [DEBUG] [PID:99239] 开始广播消息，发送者fd=6，消息内容: [A
[2025-10-23 23:40:15] [DEBUG] [PID:99239] 向客户端fd=7发送消息
[2025-10-23 23:40:15] [DEBUG] [PID:99239] 消息广播完成
[2025-10-23 23:40:15] [DEBUG] [PID:99239] 广播聊天消息，发送者: t，内容: [A
[2025-10-23 23:40:15] [DEBUG] [PID:99239] 开始广播消息，发送者fd=6，消息内容: [A
[2025-10-23 23:40:15] [DEBUG] [PID:99239] 向客户端fd=7发送消息
[2025-10-23 23:40:15] [DEBUG] [PID:99239] 消息广播完成
[2025-10-23 23:40:15] [DEBUG] [PID:99239] 广播聊天消息，发送者: t，内容: [A
[2025-10-23 23:40:15] [DEBUG] [PID:99239] 开始广播消息，发送者fd=6，消息内容: [A
[2025-10-23 23:40:15] [DEBUG] [PID:99239] 向客户端fd=7发送消息
[2025-10-23 23:40:15] [DEBUG] [PID:99239] 消息广播完成
[2025-10-23 23:40:15] [DEBUG] [PID:99239] 广播聊天消息，发送者: t，内容: [A[A
[2025-10-23 23:40:15] [DEBUG] [PID:99239] 开始广播消息，发送者fd=6，消息内容: [A[A
[2025-10-23 23:40:15] [DEBUG] [PID:99239] 向客户端fd=7发送消息
[2025-10-23 23:40:15] [DEBUG] [PID:99239] 消息广播完成
[2025-10-23 23:40:15] [DEBUG] [PID:99239] 广播聊天消息，发送者: t，内容: [A
[2025-10-23 23:40:15] [DEBUG] [PID:99239] 开始广播消息，发送者fd=6，消息内容: [A
[2025-10-23 23:40:15] [DEBUG] [PID:99239] 向客户端fd=7发送消息
[2025-10-23 23:40:15] [DEBUG] [PID:99239] 消息广播完成
[2025-10-23 23:40:15] [DEBUG] [PID:99239] 广播聊天消息，发送者: t，内容: [A[A[A
[2025-10-23 23:40:15] [DEBUG] [PID:99239] 开始广播消息，发送者fd=6，消息内容: [A[A[A
[2025-10-23 23:40:15] [DEBUG] [PID:99239] 向客户端fd=7发送消息
[2025-10-23 23:40:15] [DEBUG] [PID:99239] 消息广播完成
[2025-10-23 23:40:15] [DEBUG] [PID:99239] 广播聊天消息，发送者: t，内容: [A
[2025-10-23 23:40:15] [DEBUG] [PID:99239] 开始广播消息，发送者fd=6，消息内容: [A
[2025-10-23 23:40:15] [DEBUG] [PID:99239] 向客户端fd=7发送消息
[2025-10-23 23:40:15] [DEBUG] [PID:99239] 消息广播完成
[2025-10-23 23:40:15] [DEBUG] [PID:99239] 广播聊天消息，发送者: t，内容: [A
[2025-10-23 23:40:15] [DEBUG] [PID:99239] 开始广播消息，发送者fd=6，消息内容: [A
[2025-10-23 23:40:15] [DEBUG] [PID:99239] 向客户端fd=7发送消息
[2025-10-23 23:40:15] [DEBUG] [PID:99239] 消息广播完成
[2025-10-23 23:40:16] [DEBUG] [PID:99239] 广播聊天消息，发送者: t，内容: [A[A[A
[2025-10-23 23:40:16] [DEBUG] [PID:99239] 开始广播消息，发送者fd=6，消息内容: [A[A[A
[2025-10-23 23:40:16] [DEBUG] [PID:99239] 向客户端fd=7发送消息
[2025-10-23 23:40:16] [DEBUG] [PID:99239] 消息广播完成
[2025-10-23 23:40:16] [DEBUG] [PID:99239] 广播聊天消息，发送者: t，内容: [A
[2025-10-23 23:40:16] [DEBUG] [PID:99239] 开始广播消息，发送者fd=6，消息内容: [A
[2025-10-23 23:40:16] [DEBUG] [PID:99239] 向客户端fd=7发送消息
[2025-10-23 23:40:16] [DEBUG] [PID:99239] 消息广播完成
[2025-10-23 23:40:16] [DEBUG] [PID:99239] 广播聊天消息，发送者: t，内容: [A
[2025-10-23 23:40:16] [DEBUG] [PID:99239] 开始广播消息，发送者fd=6，消息内容: [A
[2025-10-23 23:40:16] [DEBUG] [PID:99239] 向客户端fd=7发送消息
[2025-10-23 23:40:16] [DEBUG] [PID:99239] 消息广播完成
[2025-10-23 23:40:16] [DEBUG] [PID:99239] 广播聊天消息，发送者: t，内容: [A[A[A[A
[2025-10-23 23:40:16] [DEBUG] [PID:99239] 开始广播消息，发送者fd=6，消息内容: [A[A[A[A
[2025-10-23 23:40:16] [DEBUG] [PID:99239] 向客户端fd=7发送消息
[2025-10-23 23:40:16] [DEBUG] [PID:99239] 消息广播完成
[2025-10-23 23:40:16] [DEBUG] [PID:99239] 广播聊天消息，发送者: t，内容: [A
[2025-10-23 23:40:16] [DEBUG] [PID:99239] 开始广播消息，发送者fd=6，消息内容: [A
[2025-10-23 23:40:16] [DEBUG] [PID:99239] 向客户端fd=7发送消息
[2025-10-23 23:40:16] [DEBUG] [PID:99239] 消息广播完成
[2025-10-23 23:40:16] [DEBUG] [PID:99239] 广播聊天消息，发送者: t，内容: [A
[2025-10-23 23:40:16] [DEBUG] [PID:99239] 开始广播消息，发送者fd=6，消息内容: [A
[2025-10-23 23:40:16] [DEBUG] [PID:99239] 向客户端fd=7发送消息
[2025-10-23 23:40:16] [DEBUG] [PID:99239] 消息广播完成
[2025-10-23 23:40:16] [DEBUG] [PID:99239] 广播聊天消息，发送者: t，内容: [A
[2025-10-23 23:40:16] [DEBUG] [PID:99239] 开始广播消息，发送者fd=6，消息内容: [A
[2025-10-23 23:40:16] [DEBUG] [PID:99239] 向客户端fd=7发送消息
[2025-10-23 23:40:16] [DEBUG] [PID:99239] 消息广播完成
[2025-10-23 23:40:16] [DEBUG] [PID:99239] 广播聊天消息，发送者: t，内容: [A
[2025-10-23 23:40:16] [DEBUG] [PID:99239] 开始广播消息，发送者fd=6，消息内容: [A
[2025-10-23 23:40:16] [DEBUG] [PID:99239] 向客户端fd=7发送消息
[2025-10-23 23:40:16] [DEBUG] [PID:99239] 消息广播完成
[2025-10-23 23:40:16] [DEBUG] [PID:99239] 广播聊天消息，发送者: t，内容: [A
[2025-10-23 23:40:16] [DEBUG] [PID:99239] 开始广播消息，发送者fd=6，消息内容: [A
[2025-10-23 23:40:16] [DEBUG] [PID:99239] 向客户端fd=7发送消息
[2025-10-23 23:40:16] [DEBUG] [PID:99239] 消息广播完成
[2025-10-23 23:40:17] [DEBUG] [PID:99239] 广播聊天消息，发送者: t，内容: [A
[2025-10-23 23:40:17] [DEBUG] [PID:99239] 开始广播消息，发送者fd=6，消息内容: [A
[2025-10-23 23:40:17] [DEBUG] [PID:99239] 向客户端fd=7发送消息
[2025-10-23 23:40:17] [DEBUG] [PID:99239] 消息广播完成
[2025-10-23 23:40:17] [DEBUG] [PID:99239] 广播聊天消息，发送者: t，内容: [A
[2025-10-23 23:40:17] [DEBUG] [PID:99239] 开始广播消息，发送者fd=6，消息内容: [A
[2025-10-23 23:40:17] [DEBUG] [PID:99239] 向客户端fd=7发送消息
[2025-10-23 23:40:17] [DEBUG] [PID:99239] 消息广播完成
[2025-10-23 23:40:17] [DEBUG] [PID:99239] 广播聊天消息，发送者: t，内容: [A[A
[2025-10-23 23:40:17] [DEBUG] [PID:99239] 开始广播消息，发送者fd=6，消息内容: [A[A
[2025-10-23 23:40:17] [DEBUG] [PID:99239] 向客户端fd=7发送消息
[2025-10-23 23:40:17] [DEBUG] [PID:99239] 消息广播完成
[2025-10-23 23:40:17] [DEBUG] [PID:99239] 广播聊天消息，发送者: t，内容: [A
[2025-10-23 23:40:17] [DEBUG] [PID:99239] 开始广播消息，发送者fd=6，消息内容: [A
[2025-10-23 23:40:17] [DEBUG] [PID:99239] 向客户端fd=7发送消息
[2025-10-23 23:40:17] [DEBUG] [PID:99239] 消息广播完成
[2025-10-23 23:40:17] [DEBUG] [PID:99239] 广播聊天消息，发送者: t，内容: [A
[2025-10-23 23:40:17] [DEBUG] [PID:99239] 开始广播消息，发送者fd=6，消息内容: [A
[2025-10-23 23:40:17] [DEBUG] [PID:99239] 向客户端fd=7发送消息
[2025-10-23 23:40:17] [DEBUG] [PID:99239] 消息广播完成
[2025-10-23 23:40:17] [DEBUG] [PID:99239] 广播聊天消息，发送者: t，内容: [A
[2025-10-23 23:40:17] [DEBUG] [PID:99239] 开始广播消息，发送者fd=6，消息内容: [A
[2025-10-23 23:40:17] [DEBUG] [PID:99239] 向客户端fd=7发送消息
[2025-10-23 23:40:17] [DEBUG] [PID:99239] 消息广播完成
[2025-10-23 23:40:17] [DEBUG] [PID:99239] 广播聊天消息，发送者: t，内容: [A
[2025-10-23 23:40:17] [DEBUG] [PID:99239] 开始广播消息，发送者fd=6，消息内容: [A
[2025-10-23 23:40:17] [DEBUG] [PID:99239] 向客户端fd=7发送消息
[2025-10-23 23:40:17] [DEBUG] [PID:99239] 消息广播完成
[2025-10-23 23:40:17] [DEBUG] [PID:99239] 广播聊天消息，发送者: t，内容: [A[A[A
[2025-10-23 23:40:17] [DEBUG] [PID:99239] 开始广播消息，发送者fd=6，消息内容: [A[A[A
[2025-10-23 23:40:17] [DEBUG] [PID:99239] 向客户端fd=7发送消息
[2025-10-23 23:40:17] [DEBUG] [PID:99239] 消息广播完成
[2025-10-23 23:40:17] [DEBUG] [PID:99239] 广播聊天消息，发送者: t，内容: [A
[2025-10-23 23:40:17] [DEBUG] [PID:99239] 开始广播消息，发送者fd=6，消息内容: [A
[2025-10-23 23:40:17] [DEBUG] [PID:99239] 向客户端fd=7发送消息
[2025-10-23 23:40:17] [DEBUG] [PID:99239] 消息广播完成
[2025-10-23 23:40:18] [DEBUG] [PID:99239] 广播聊天消息，发送者: t，内容: [A
[2025-10-23 23:40:18] [DEBUG] [PID:99239] 开始广播消息，发送者fd=6，消息内容: [A
[2025-10-23 23:40:18] [DEBUG] [PID:99239] 向客户端fd=7发送消息
[2025-10-23 23:40:18] [DEBUG] [PID:99239] 消息广播完成
[2025-10-23 23:40:18] [DEBUG] [PID:99239] 广播聊天消息，发送者: t，内容: [A
[2025-10-23 23:40:18] [DEBUG] [PID:99239] 开始广播消息，发送者fd=6，消息内容: [A
[2025-10-23 23:40:18] [DEBUG] [PID:99239] 向客户端fd=7发送消息
[2025-10-23 23:40:18] [DEBUG] [PID:99239] 消息广播完成
[2025-10-23 23:40:18] [DEBUG] [PID:99239] 广播聊天消息，发送者: t，内容: [A[A[A
[2025-10-23 23:40:18] [DEBUG] [PID:99239] 开始广播消息，发送者fd=6，消息内容: [A[A[A
[2025-10-23 23:40:18] [DEBUG] [PID:99239] 向客户端fd=7发送消息
[2025-10-23 23:40:18] [DEBUG] [PID:99239] 消息广播完成
[2025-10-23 23:40:18] [DEBUG] [PID:99239] 广播聊天消息，发送者: t，内容: [A[A[A[A
[2025-10-23 23:40:18] [DEBUG] [PID:99239] 开始广播消息，发送者fd=6，消息内容: [A[A[A[A
[2025-10-23 23:40:18] [DEBUG] [PID:99239] 向客户端fd=7发送消息
[2025-10-23 23:40:18] [DEBUG] [PID:99239] 消息广播完成
[2025-10-23 23:40:18] [DEBUG] [PID:99239] 广播聊天消息，发送者: t，内容: [A
[2025-10-23 23:40:18] [DEBUG] [PID:99239] 开始广播消息，发送者fd=6，消息内容: [A
[2025-10-23 23:40:18] [DEBUG] [PID:99239] 向客户端fd=7发送消息
[2025-10-23 23:40:18] [DEBUG] [PID:99239] 消息广播完成
[2025-10-23 23:40:18] [DEBUG] [PID:99239] 广播聊天消息，发送者: t，内容: [A
[2025-10-23 23:40:18] [DEBUG] [PID:99239] 开始广播消息，发送者fd=6，消息内容: [A
[2025-10-23 23:40:18] [DEBUG] [PID:99239] 向客户端fd=7发送消息
[2025-10-23 23:40:18] [DEBUG] [PID:99239] 消息广播完成
[2025-10-23 23:40:18] [DEBUG] [PID:99239] 广播聊天消息，发送者: t，内容: [A
[2025-10-23 23:40:18] [DEBUG] [PID:99239] 开始广播消息，发送者fd=6，消息内容: [A
[2025-10-23 23:40:18] [DEBUG] [PID:99239] 向客户端fd=7发送消息
[2025-10-23 23:40:18] [DEBUG] [PID:99239] 消息广播完成
[2025-10-23 23:40:19] [DEBUG] [PID:99239] 广播聊天消息，发送者: t，内容: [A
[2025-10-23 23:40:19] [DEBUG] [PID:99239] 开始广播消息，发送者fd=6，消息内容: [A
[2025-10-23 23:40:19] [DEBUG] [PID:99239] 向客户端fd=7发送消息
[2025-10-23 23:40:19] [DEBUG] [PID:99239] 消息广播完成
[2025-10-23 23:40:19] [DEBUG] [PID:99239] 广播聊天消息，发送者: t，内容: [A
[2025-10-23 23:40:19] [DEBUG] [PID:99239] 开始广播消息，发送者fd=6，消息内容: [A
[2025-10-23 23:40:19] [DEBUG] [PID:99239] 向客户端fd=7发送消息
[2025-10-23 23:40:19] [DEBUG] [PID:99239] 消息广播完成
[2025-10-23 23:40:19] [DEBUG] [PID:99239] 广播聊天消息，发送者: t，内容: [A
[2025-10-23 23:40:19] [DEBUG] [PID:99239] 开始广播消息，发送者fd=6，消息内容: [A
[2025-10-23 23:40:19] [DEBUG] [PID:99239] 向客户端fd=7发送消息
[2025-10-23 23:40:19] [DEBUG] [PID:99239] 消息广播完成
[2025-10-23 23:40:19] [DEBUG] [PID:99239] 广播聊天消息，发送者: t，内容: [A[A
[2025-10-23 23:40:19] [DEBUG] [PID:99239] 开始广播消息，发送者fd=6，消息内容: [A[A
[2025-10-23 23:40:19] [DEBUG] [PID:99239] 向客户端fd=7发送消息
[2025-10-23 23:40:19] [DEBUG] [PID:99239] 消息广播完成
[2025-10-23 23:40:19] [DEBUG] [PID:99239] 广播聊天消息，发送者: t，内容: [A
[2025-10-23 23:40:19] [DEBUG] [PID:99239] 开始广播消息，发送者fd=6，消息内容: [A
[2025-10-23 23:40:19] [DEBUG] [PID:99239] 向客户端fd=7发送消息
[2025-10-23 23:40:19] [DEBUG] [PID:99239] 消息广播完成
[2025-10-23 23:40:19] [DEBUG] [PID:99239] 广播聊天消息，发送者: t，内容: [A
[2025-10-23 23:40:19] [DEBUG] [PID:99239] 开始广播消息，发送者fd=6，消息内容: [A
[2025-10-23 23:40:19] [DEBUG] [PID:99239] 向客户端fd=7发送消息
[2025-10-23 23:40:19] [DEBUG] [PID:99239] 消息广播完成
[2025-10-23 23:40:19] [DEBUG] [PID:99239] 广播聊天消息，发送者: t，内容: [A
[2025-10-23 23:40:19] [DEBUG] [PID:99239] 开始广播消息，发送者fd=6，消息内容: [A
[2025-10-23 23:40:19] [DEBUG] [PID:99239] 向客户端fd=7发送消息
[2025-10-23 23:40:19] [DEBUG] [PID:99239] 消息广播完成
[2025-10-23 23:40:20] [DEBUG] [PID:99239] 广播聊天消息，发送者: t，内容: [A
[2025-10-23 23:40:20] [DEBUG] [PID:99239] 开始广播消息，发送者fd=6，消息内容: [A
[2025-10-23 23:40:20] [DEBUG] [PID:99239] 向客户端fd=7发送消息
[2025-10-23 23:40:20] [DEBUG] [PID:99239] 消息广播完成
